Archive member included to satisfy reference by file (symbol)

C:\Users\DavideDiVenti\AppData\Local\arduino\cores\001089ec5990ee7d214a41121d4430d1\core.a(WInterrupts.cpp.o)
                              C:\Users\DavideDiVenti\AppData\Local\arduino\sketches\55C015A64DB09FB07C120D4FB45C919B\sketch\STM32_UI.ino.cpp.o (symbol from plugin) (detachInterrupt(unsigned long))
C:\Users\DavideDiVenti\AppData\Local\arduino\cores\001089ec5990ee7d214a41121d4430d1\core.a(main.cpp.o)
                              C:/Users/DavideDiVenti/AppData/Local/Arduino15/packages/STMicroelectronics/tools/xpack-arm-none-eabi-gcc/14.2.1-1.1/bin/../lib/gcc/arm-none-eabi/14.2.1/../../../../arm-none-eabi/lib/thumb/v7e-m+fp/hard/crt0.o (main)
C:\Users\DavideDiVenti\AppData\Local\arduino\cores\001089ec5990ee7d214a41121d4430d1\core.a(startup_stm32yyxx.S.o)
                              (Reset_Handler)
C:\Users\DavideDiVenti\AppData\Local\arduino\cores\001089ec5990ee7d214a41121d4430d1\core.a(wiring_analog.c.o)
                              C:\Users\DavideDiVenti\AppData\Local\arduino\sketches\55C015A64DB09FB07C120D4FB45C919B\sketch\STM32_UI.ino.cpp.o (symbol from plugin) (analogReadResolution)
C:\Users\DavideDiVenti\AppData\Local\arduino\cores\001089ec5990ee7d214a41121d4430d1\core.a(wiring_digital.c.o)
                              C:\Users\DavideDiVenti\AppData\Local\arduino\sketches\55C015A64DB09FB07C120D4FB45C919B\sketch\LightLiquidCrystal.cpp.o (symbol from plugin) (pinMode)
C:\Users\DavideDiVenti\AppData\Local\arduino\cores\001089ec5990ee7d214a41121d4430d1\core.a(WSerial.cpp.o)
                              main.cpp.o (symbol from plugin) (serialEventRun())
C:\Users\DavideDiVenti\AppData\Local\arduino\cores\001089ec5990ee7d214a41121d4430d1\core.a(board.c.o)
                              main.cpp.o (symbol from plugin) (init)
C:\Users\DavideDiVenti\AppData\Local\arduino\cores\001089ec5990ee7d214a41121d4430d1\core.a(pins_arduino.c.o)
                              wiring_analog.c.o (symbol from plugin) (analogInputToPinName)
C:\Users\DavideDiVenti\AppData\Local\arduino\cores\001089ec5990ee7d214a41121d4430d1\core.a(HardwareSerial.cpp.o)
                              WSerial.cpp.o (symbol from plugin) (HardwareSerial::available())
C:\Users\DavideDiVenti\AppData\Local\arduino\cores\001089ec5990ee7d214a41121d4430d1\core.a(Stream.cpp.o)
                              HardwareSerial.cpp.o (symbol from plugin) (Stream::readBytes(char*, unsigned int))
C:\Users\DavideDiVenti\AppData\Local\arduino\cores\001089ec5990ee7d214a41121d4430d1\core.a(WString.cpp.o)
                              Stream.cpp.o (symbol from plugin) (String::String(char const*))
C:\Users\DavideDiVenti\AppData\Local\arduino\cores\001089ec5990ee7d214a41121d4430d1\core.a(dtostrf.c.o)
                              WString.cpp.o (symbol from plugin) (dtostrf)
C:\Users\DavideDiVenti\AppData\Local\arduino\cores\001089ec5990ee7d214a41121d4430d1\core.a(itoa.c.o)
                              WString.cpp.o (symbol from plugin) (ltoa)
C:\Users\DavideDiVenti\AppData\Local\arduino\cores\001089ec5990ee7d214a41121d4430d1\core.a(wiring_time.c.o)
                              Stream.cpp.o (symbol from plugin) (millis)
C:\Users\DavideDiVenti\AppData\Local\arduino\cores\001089ec5990ee7d214a41121d4430d1\core.a(Print.cpp.o)
                              Stream.cpp.o (symbol from plugin) (Print::write(unsigned char const*, unsigned int))
C:\Users\DavideDiVenti\AppData\Local\arduino\cores\001089ec5990ee7d214a41121d4430d1\core.a(hooks.c.o)
                              wiring_time.c.o (symbol from plugin) (yield)
C:/Users/DavideDiVenti/AppData/Local/Arduino15/packages/STMicroelectronics/tools/xpack-arm-none-eabi-gcc/14.2.1-1.1/bin/../lib/gcc/arm-none-eabi/14.2.1/../../../../arm-none-eabi/lib/thumb/v7e-m+fp/hard\libc_nano.a(libc_a-atexit.o)
                              C:/Users/DavideDiVenti/AppData/Local/Arduino15/packages/STMicroelectronics/tools/xpack-arm-none-eabi-gcc/14.2.1-1.1/bin/../lib/gcc/arm-none-eabi/14.2.1/../../../../arm-none-eabi/lib/thumb/v7e-m+fp/hard/crt0.o (atexit)
C:/Users/DavideDiVenti/AppData/Local/Arduino15/packages/STMicroelectronics/tools/xpack-arm-none-eabi-gcc/14.2.1-1.1/bin/../lib/gcc/arm-none-eabi/14.2.1/../../../../arm-none-eabi/lib/thumb/v7e-m+fp/hard\libc_nano.a(libc_a-atof.o)
                              C:\Users\DavideDiVenti\AppData\Local\arduino\sketches\55C015A64DB09FB07C120D4FB45C919B\sketch\STM32_UI.ino.cpp.o (symbol from plugin) (atof)
C:/Users/DavideDiVenti/AppData/Local/Arduino15/packages/STMicroelectronics/tools/xpack-arm-none-eabi-gcc/14.2.1-1.1/bin/../lib/gcc/arm-none-eabi/14.2.1/../../../../arm-none-eabi/lib/thumb/v7e-m+fp/hard\libc_nano.a(libc_a-atol.o)
                              WString.cpp.o (symbol from plugin) (atol)
[...]
Memory Configuration

Name             Origin             Length             Attributes
*default*        0x00000000         0xffffffff
RAM              0x20000000         0x00003000         xrw
CCMRAM           0x10000000         0x00001000         rw
FLASH            0x08000000         0x00010000         xr

Linker script and memory map

START GROUP
LOAD C:\Users\DavideDiVenti\AppData\Local\arduino\sketches\55C015A64DB09FB07C120D4FB45C919B\sketch\LightLiquidCrystal.cpp.o
LOAD C:\Users\DAVIDE~1\AppData\Local\Temp\ccYTjIHG.ltrans0.ltrans.o
LOAD C:\Users\DavideDiVenti\AppData\Local\arduino\sketches\55C015A64DB09FB07C120D4FB45C919B\sketch\STM32_UI.ino.cpp.o
LOAD C:\Users\DavideDiVenti\AppData\Local\arduino\sketches\55C015A64DB09FB07C120D4FB45C919B\sketch\requiredLibraries.cpp.o
LOAD C:\Users\DavideDiVenti\AppData\Local\arduino\sketches\55C015A64DB09FB07C120D4FB45C919B\libraries\STM32_CAN\STM32_CAN.cpp.o
LOAD C:\Users\DavideDiVenti\AppData\Local\arduino\sketches\55C015A64DB09FB07C120D4FB45C919B\libraries\SPIFlash_LowPowerLab\SPIFlash.cpp.o
LOAD C:\Users\DavideDiVenti\AppData\Local\arduino\sketches\55C015A64DB09FB07C120D4FB45C919B\libraries\SPI\SPI.cpp.o
LOAD C:\Users\DavideDiVenti\AppData\Local\arduino\sketches\55C015A64DB09FB07C120D4FB45C919B\libraries\SPI\utility\spi_com.c.o
LOAD C:\Users\DavideDiVenti\AppData\Local\arduino\sketches\55C015A64DB09FB07C120D4FB45C919B\libraries\SrcWrapper\HAL\stm32yyxx_hal.c.o
LOAD C:\Users\DavideDiVenti\AppData\Local\arduino\sketches\55C015A64DB09FB07C120D4FB45C919B\libraries\SrcWrapper\HAL\stm32yyxx_hal_adc.c.o
LOAD C:\Users\DavideDiVenti\AppData\Local\arduino\sketches\55C015A64DB09FB07C120D4FB45C919B\libraries\SrcWrapper\HAL\stm32yyxx_hal_adc_ex.c.o
LOAD C:\Users\DavideDiVenti\AppData\Local\arduino\sketches\55C015A64DB09FB07C120D4FB45C919B\libraries\SrcWrapper\HAL\stm32yyxx_hal_can.c.o
LOAD C:\Users\DavideDiVenti\AppData\Local\arduino\sketches\55C015A64DB09FB07C120D4FB45C919B\libraries\SrcWrapper\HAL\stm32yyxx_hal_ccb.c.o
LOAD C:\Users\DavideDiVenti\AppData\Local\arduino\sketches\55C015A64DB09FB07C120D4FB45C919B\libraries\SrcWrapper\HAL\stm32yyxx_hal_cec.c.o
LOAD C:\Users\DavideDiVenti\AppData\Local\arduino\sketches\55C015A64DB09FB07C120D4FB45C919B\libraries\SrcWrapper\HAL\stm32yyxx_hal_comp.c.o
LOAD C:\Users\DavideDiVenti\AppData\Local\arduino\sketches\55C015A64DB09FB07C120D4FB45C919B\libraries\SrcWrapper\HAL\stm32yyxx_hal_comp_ex.c.o
LOAD C:\Users\DavideDiVenti\AppData\Local\arduino\sketches\55C015A64DB09FB07C120D4FB45C919B\libraries\SrcWrapper\HAL\stm32yyxx_hal_cordic.c.o
LOAD C:\Users\DavideDiVenti\AppData\Local\arduino\sketches\55C015A64DB09FB07C120D4FB45C919B\libraries\SrcWrapper\HAL\stm32yyxx_hal_cortex.c.o
LOAD C:\Users\DavideDiVenti\AppData\Local\arduino\sketches\55C015A64DB09FB07C120D4FB45C919B\libraries\SrcWrapper\HAL\stm32yyxx_hal_crc.c.o
LOAD C:\Users\DavideDiVenti\AppData\Local\arduino\sketches\55C015A64DB09FB07C120D4FB45C919B\libraries\SrcWrapper\HAL\stm32yyxx_hal_crc_ex.c.o
LOAD C:\Users\DavideDiVenti\AppData\Local\arduino\sketches\55C015A64DB09FB07C120D4FB45C919B\libraries\SrcWrapper\HAL\stm32yyxx_hal_cryp.c.o
LOAD C:\Users\DavideDiVenti\AppData\Local\arduino\sketches\55C015A64DB09FB07C120D4FB45C919B\libraries\SrcWrapper\HAL\stm32yyxx_hal_cryp_ex.c.o
LOAD C:\Users\DavideDiVenti\AppData\Local\arduino\sketches\55C015A64DB09FB07C120D4FB45C919B\libraries\SrcWrapper\HAL\stm32yyxx_hal_dac.c.o
LOAD C:\Users\DavideDiVenti\AppData\Local\arduino\sketches\55C015A64DB09FB07C120D4FB45C919B\libraries\SrcWrapper\HAL\stm32yyxx_hal_dac_ex.c.o
LOAD C:\Users\DavideDiVenti\AppData\Local\arduino\sketches\55C015A64DB09FB07C120D4FB45C919B\libraries\SrcWrapper\HAL\stm32yyxx_hal_dcache.c.o
LOAD C:\Users\DavideDiVenti\AppData\Local\arduino\sketches\55C015A64DB09FB07C120D4FB45C919B\libraries\SrcWrapper\HAL\stm32yyxx_hal_dcmi.c.o
LOAD C:\Users\DavideDiVenti\AppData\Local\arduino\sketches\55C015A64DB09FB07C120D4FB45C919B\libraries\SrcWrapper\HAL\stm32yyxx_hal_dcmi_ex.c.o
LOAD C:\Users\DavideDiVenti\AppData\Local\arduino\sketches\55C015A64DB09FB07C120D4FB45C919B\libraries\SrcWrapper\HAL\stm32yyxx_hal_dfsdm.c.o
LOAD C:\Users\DavideDiVenti\AppData\Local\arduino\sketches\55C015A64DB09FB07C120D4FB45C919B\libraries\SrcWrapper\HAL\stm32yyxx_hal_dfsdm_ex.c.o
LOAD C:\Users\DavideDiVenti\AppData\Local\arduino\sketches\55C015A64DB09FB07C120D4FB45C919B\libraries\SrcWrapper\HAL\stm32yyxx_hal_dma.c.o
LOAD C:\Users\DavideDiVenti\AppData\Local\arduino\sketches\55C015A64DB09FB07C120D4FB45C919B\libraries\SrcWrapper\HAL\stm32yyxx_hal_dma2d.c.o
LOAD C:\Users\DavideDiVenti\AppData\Local\arduino\sketches\55C015A64DB09FB07C120D4FB45C919B\libraries\SrcWrapper\HAL\stm32yyxx_hal_dma_ex.c.o
LOAD C:\Users\DavideDiVenti\AppData\Local\arduino\sketches\55C015A64DB09FB07C120D4FB45C919B\libraries\SrcWrapper\HAL\stm32yyxx_hal_dsi.c.o
LOAD C:\Users\DavideDiVenti\AppData\Local\arduino\sketches\55C015A64DB09FB07C120D4FB45C919B\libraries\SrcWrapper\HAL\stm32yyxx_hal_dts.c.o
LOAD C:\Users\DavideDiVenti\AppData\Local\arduino\sketches\55C015A64DB09FB07C120D4FB45C919B\libraries\SrcWrapper\HAL\stm32yyxx_hal_eth.c.o
LOAD C:\Users\DavideDiVenti\AppData\Local\arduino\sketches\55C015A64DB09FB07C120D4FB45C919B\libraries\SrcWrapper\HAL\stm32yyxx_hal_eth_ex.c.o
LOAD C:\Users\DavideDiVenti\AppData\Local\arduino\sketches\55C015A64DB09FB07C120D4FB45C919B\libraries\SrcWrapper\HAL\stm32yyxx_hal_exti.c.o
LOAD C:\Users\DavideDiVenti\AppData\Local\arduino\sketches\55C015A64DB09FB07C120D4FB45C919B\libraries\SrcWrapper\HAL\stm32yyxx_hal_fdcan.c.o
LOAD C:\Users\DavideDiVenti\AppData\Local\arduino\sketches\55C015A64DB09FB07C120D4FB45C919B\libraries\SrcWrapper\HAL\stm32yyxx_hal_firewall.c.o
LOAD C:\Users\DavideDiVenti\AppData\Local\arduino\sketches\55C015A64DB09FB07C120D4FB45C919B\libraries\SrcWrapper\HAL\stm32yyxx_hal_flash.c.o
LOAD C:\Users\DavideDiVenti\AppData\Local\arduino\sketches\55C015A64DB09FB07C120D4FB45C919B\libraries\SrcWrapper\HAL\stm32yyxx_hal_flash_ex.c.o
LOAD C:\Users\DavideDiVenti\AppData\Local\arduino\sketches\55C015A64DB09FB07C120D4FB45C919B\libraries\SrcWrapper\HAL\stm32yyxx_hal_flash_ramfunc.c.o
LOAD C:\Users\DavideDiVenti\AppData\Local\arduino\sketches\55C015A64DB09FB07C120D4FB45C919B\libraries\SrcWrapper\HAL\stm32yyxx_hal_fmac.c.o
LOAD C:\Users\DavideDiVenti\AppData\Local\arduino\sketches\55C015A64DB09FB07C120D4FB45C919B\libraries\SrcWrapper\HAL\stm32yyxx_hal_fmpi2c.c.o
LOAD C:\Users\DavideDiVenti\AppData\Local\arduino\sketches\55C015A64DB09FB07C120D4FB45C919B\libraries\SrcWrapper\HAL\stm32yyxx_hal_fmpi2c_ex.c.o
LOAD C:\Users\DavideDiVenti\AppData\Local\arduino\sketches\55C015A64DB09FB07C120D4FB45C919B\libraries\SrcWrapper\HAL\stm32yyxx_hal_fmpsmbus.c.o
LOAD C:\Users\DavideDiVenti\AppData\Local\arduino\sketches\55C015A64DB09FB07C120D4FB45C919B\libraries\SrcWrapper\HAL\stm32yyxx_hal_fmpsmbus_ex.c.o
LOAD C:\Users\DavideDiVenti\AppData\Local\arduino\sketches\55C015A64DB09FB07C120D4FB45C919B\libraries\SrcWrapper\HAL\stm32yyxx_hal_gfxmmu.c.o
LOAD C:\Users\DavideDiVenti\AppData\Local\arduino\sketches\55C015A64DB09FB07C120D4FB45C919B\libraries\SrcWrapper\HAL\stm32yyxx_hal_gfxtim.c.o
LOAD C:\Users\DavideDiVenti\AppData\Local\arduino\sketches\55C015A64DB09FB07C120D4FB45C919B\libraries\SrcWrapper\HAL\stm32yyxx_hal_gpio.c.o
LOAD C:\Users\DavideDiVenti\AppData\Local\arduino\sketches\55C015A64DB09FB07C120D4FB45C919B\libraries\SrcWrapper\HAL\stm32yyxx_hal_gpio_ex.c.o
LOAD C:\Users\DavideDiVenti\AppData\Local\arduino\sketches\55C015A64DB09FB07C120D4FB45C919B\libraries\SrcWrapper\HAL\stm32yyxx_hal_gpu2d.c.o
LOAD C:\Users\DavideDiVenti\AppData\Local\arduino\sketches\55C015A64DB09FB07C120D4FB45C919B\libraries\SrcWrapper\HAL\stm32yyxx_hal_gtzc.c.o
LOAD C:\Users\DavideDiVenti\AppData\Local\arduino\sketches\55C015A64DB09FB07C120D4FB45C919B\libraries\SrcWrapper\HAL\stm32yyxx_hal_hash.c.o
LOAD C:\Users\DavideDiVenti\AppData\Local\arduino\sketches\55C015A64DB09FB07C120D4FB45C919B\libraries\SrcWrapper\HAL\stm32yyxx_hal_hash_ex.c.o
LOAD C:\Users\DavideDiVenti\AppData\Local\arduino\sketches\55C015A64DB09FB07C120D4FB45C919B\libraries\SrcWrapper\HAL\stm32yyxx_hal_hcd.c.o
LOAD C:\Users\DavideDiVenti\AppData\Local\arduino\sketches\55C015A64DB09FB07C120D4FB45C919B\libraries\SrcWrapper\HAL\stm32yyxx_hal_hrtim.c.o
LOAD C:\Users\DavideDiVenti\AppData\Local\arduino\sketches\55C015A64DB09FB07C120D4FB45C919B\libraries\SrcWrapper\HAL\stm32yyxx_hal_hsem.c.o
LOAD C:\Users\DavideDiVenti\AppData\Local\arduino\sketches\55C015A64DB09FB07C120D4FB45C919B\libraries\SrcWrapper\HAL\stm32yyxx_hal_i2c.c.o
LOAD C:\Users\DavideDiVenti\AppData\Local\arduino\sketches\55C015A64DB09FB07C120D4FB45C919B\libraries\SrcWrapper\HAL\stm32yyxx_hal_i2c_ex.c.o
LOAD C:\Users\DavideDiVenti\AppData\Local\arduino\sketches\55C015A64DB09FB07C120D4FB45C919B\libraries\SrcWrapper\HAL\stm32yyxx_hal_i2s.c.o
LOAD C:\Users\DavideDiVenti\AppData\Local\arduino\sketches\55C015A64DB09FB07C120D4FB45C919B\libraries\SrcWrapper\HAL\stm32yyxx_hal_i2s_ex.c.o
LOAD C:\Users\DavideDiVenti\AppData\Local\arduino\sketches\55C015A64DB09FB07C120D4FB45C919B\libraries\SrcWrapper\HAL\stm32yyxx_hal_i3c.c.o
LOAD C:\Users\DavideDiVenti\AppData\Local\arduino\sketches\55C015A64DB09FB07C120D4FB45C919B\libraries\SrcWrapper\HAL\stm32yyxx_hal_icache.c.o
LOAD C:\Users\DavideDiVenti\AppData\Local\arduino\sketches\55C015A64DB09FB07C120D4FB45C919B\libraries\SrcWrapper\HAL\stm32yyxx_hal_ipcc.c.o
LOAD C:\Users\DavideDiVenti\AppData\Local\arduino\sketches\55C015A64DB09FB07C120D4FB45C919B\libraries\SrcWrapper\HAL\stm32yyxx_hal_irda.c.o
LOAD C:\Users\DavideDiVenti\AppData\Local\arduino\sketches\55C015A64DB09FB07C120D4FB45C919B\libraries\SrcWrapper\HAL\stm32yyxx_hal_iwdg.c.o
LOAD C:\Users\DavideDiVenti\AppData\Local\arduino\sketches\55C015A64DB09FB07C120D4FB45C919B\libraries\SrcWrapper\HAL\stm32yyxx_hal_jpeg.c.o
LOAD C:\Users\DavideDiVenti\AppData\Local\arduino\sketches\55C015A64DB09FB07C120D4FB45C919B\libraries\SrcWrapper\HAL\stm32yyxx_hal_lcd.c.o
LOAD C:\Users\DavideDiVenti\AppData\Local\arduino\sketches\55C015A64DB09FB07C120D4FB45C919B\libraries\SrcWrapper\HAL\stm32yyxx_hal_lptim.c.o
LOAD C:\Users\DavideDiVenti\AppData\Local\arduino\sketches\55C015A64DB09FB07C120D4FB45C919B\libraries\SrcWrapper\HAL\stm32yyxx_hal_ltdc.c.o
LOAD C:\Users\DavideDiVenti\AppData\Local\arduino\sketches\55C015A64DB09FB07C120D4FB45C919B\libraries\SrcWrapper\HAL\stm32yyxx_hal_ltdc_ex.c.o
LOAD C:\Users\DavideDiVenti\AppData\Local\arduino\sketches\55C015A64DB09FB07C120D4FB45C919B\libraries\SrcWrapper\HAL\stm32yyxx_hal_mdf.c.o
LOAD C:\Users\DavideDiVenti\AppData\Local\arduino\sketches\55C015A64DB09FB07C120D4FB45C919B\libraries\SrcWrapper\HAL\stm32yyxx_hal_mdios.c.o
LOAD C:\Users\DavideDiVenti\AppData\Local\arduino\sketches\55C015A64DB09FB07C120D4FB45C919B\libraries\SrcWrapper\HAL\stm32yyxx_hal_mdma.c.o
LOAD C:\Users\DavideDiVenti\AppData\Local\arduino\sketches\55C015A64DB09FB07C120D4FB45C919B\libraries\SrcWrapper\HAL\stm32yyxx_hal_mmc.c.o
LOAD C:\Users\DavideDiVenti\AppData\Local\arduino\sketches\55C015A64DB09FB07C120D4FB45C919B\libraries\SrcWrapper\HAL\stm32yyxx_hal_mmc_ex.c.o
LOAD C:\Users\DavideDiVenti\AppData\Local\arduino\sketches\55C015A64DB09FB07C120D4FB45C919B\libraries\SrcWrapper\HAL\stm32yyxx_hal_nand.c.o
LOAD C:\Users\DavideDiVenti\AppData\Local\arduino\sketches\55C015A64DB09FB07C120D4FB45C919B\libraries\SrcWrapper\HAL\stm32yyxx_hal_nor.c.o
LOAD C:\Users\DavideDiVenti\AppData\Local\arduino\sketches\55C015A64DB09FB07C120D4FB45C919B\libraries\SrcWrapper\HAL\stm32yyxx_hal_opamp.c.o
LOAD C:\Users\DavideDiVenti\AppData\Local\arduino\sketches\55C015A64DB09FB07C120D4FB45C919B\libraries\SrcWrapper\HAL\stm32yyxx_hal_opamp_ex.c.o
LOAD C:\Users\DavideDiVenti\AppData\Local\arduino\sketches\55C015A64DB09FB07C120D4FB45C919B\libraries\SrcWrapper\HAL\stm32yyxx_hal_ospi.c.o
LOAD C:\Users\DavideDiVenti\AppData\Local\arduino\sketches\55C015A64DB09FB07C120D4FB45C919B\libraries\SrcWrapper\HAL\stm32yyxx_hal_otfdec.c.o
LOAD C:\Users\DavideDiVenti\AppData\Local\arduino\sketches\55C015A64DB09FB07C120D4FB45C919B\libraries\SrcWrapper\HAL\stm32yyxx_hal_pccard.c.o
LOAD C:\Users\DavideDiVenti\AppData\Local\arduino\sketches\55C015A64DB09FB07C120D4FB45C919B\libraries\SrcWrapper\HAL\stm32yyxx_hal_pcd.c.o
LOAD C:\Users\DavideDiVenti\AppData\Local\arduino\sketches\55C015A64DB09FB07C120D4FB45C919B\libraries\SrcWrapper\HAL\stm32yyxx_hal_pcd_ex.c.o
LOAD C:\Users\DavideDiVenti\AppData\Local\arduino\sketches\55C015A64DB09FB07C120D4FB45C919B\libraries\SrcWrapper\HAL\stm32yyxx_hal_pka.c.o
LOAD C:\Users\DavideDiVenti\AppData\Local\arduino\sketches\55C015A64DB09FB07C120D4FB45C919B\libraries\SrcWrapper\HAL\stm32yyxx_hal_pssi.c.o
LOAD C:\Users\DavideDiVenti\AppData\Local\arduino\sketches\55C015A64DB09FB07C120D4FB45C919B\libraries\SrcWrapper\HAL\stm32yyxx_hal_pwr.c.o
LOAD C:\Users\DavideDiVenti\AppData\Local\arduino\sketches\55C015A64DB09FB07C120D4FB45C919B\libraries\SrcWrapper\HAL\stm32yyxx_hal_pwr_ex.c.o
LOAD C:\Users\DavideDiVenti\AppData\Local\arduino\sketches\55C015A64DB09FB07C120D4FB45C919B\libraries\SrcWrapper\HAL\stm32yyxx_hal_qspi.c.o
LOAD C:\Users\DavideDiVenti\AppData\Local\arduino\sketches\55C015A64DB09FB07C120D4FB45C919B\libraries\SrcWrapper\HAL\stm32yyxx_hal_ramcfg.c.o
LOAD C:\Users\DavideDiVenti\AppData\Local\arduino\sketches\55C015A64DB09FB07C120D4FB45C919B\libraries\SrcWrapper\HAL\stm32yyxx_hal_ramecc.c.o
LOAD C:\Users\DavideDiVenti\AppData\Local\arduino\sketches\55C015A64DB09FB07C120D4FB45C919B\libraries\SrcWrapper\HAL\stm32yyxx_hal_rcc.c.o
LOAD C:\Users\DavideDiVenti\AppData\Local\arduino\sketches\55C015A64DB09FB07C120D4FB45C919B\libraries\SrcWrapper\HAL\stm32yyxx_hal_rcc_ex.c.o
LOAD C:\Users\DavideDiVenti\AppData\Local\arduino\sketches\55C015A64DB09FB07C120D4FB45C919B\libraries\SrcWrapper\HAL\stm32yyxx_hal_rng.c.o
LOAD C:\Users\DavideDiVenti\AppData\Local\arduino\sketches\55C015A64DB09FB07C120D4FB45C919B\libraries\SrcWrapper\HAL\stm32yyxx_hal_rng_ex.c.o
LOAD C:\Users\DavideDiVenti\AppData\Local\arduino\sketches\55C015A64DB09FB07C120D4FB45C919B\libraries\SrcWrapper\HAL\stm32yyxx_hal_rtc.c.o
LOAD C:\Users\DavideDiVenti\AppData\Local\arduino\sketches\55C015A64DB09FB07C120D4FB45C919B\libraries\SrcWrapper\HAL\stm32yyxx_hal_rtc_ex.c.o
LOAD C:\Users\DavideDiVenti\AppData\Local\arduino\sketches\55C015A64DB09FB07C120D4FB45C919B\libraries\SrcWrapper\HAL\stm32yyxx_hal_sai.c.o
LOAD C:\Users\DavideDiVenti\AppData\Local\arduino\sketches\55C015A64DB09FB07C120D4FB45C919B\libraries\SrcWrapper\HAL\stm32yyxx_hal_sai_ex.c.o
LOAD C:\Users\DavideDiVenti\AppData\Local\arduino\sketches\55C015A64DB09FB07C120D4FB45C919B\libraries\SrcWrapper\HAL\stm32yyxx_hal_sd.c.o
LOAD C:\Users\DavideDiVenti\AppData\Local\arduino\sketches\55C015A64DB09FB07C120D4FB45C919B\libraries\SrcWrapper\HAL\stm32yyxx_hal_sd_ex.c.o
LOAD C:\Users\DavideDiVenti\AppData\Local\arduino\sketches\55C015A64DB09FB07C120D4FB45C919B\libraries\SrcWrapper\HAL\stm32yyxx_hal_sdadc.c.o
LOAD C:\Users\DavideDiVenti\AppData\Local\arduino\sketches\55C015A64DB09FB07C120D4FB45C919B\libraries\SrcWrapper\HAL\stm32yyxx_hal_sdio.c.o
LOAD C:\Users\DavideDiVenti\AppData\Local\arduino\sketches\55C015A64DB09FB07C120D4FB45C919B\libraries\SrcWrapper\HAL\stm32yyxx_hal_sdram.c.o
LOAD C:\Users\DavideDiVenti\AppData\Local\arduino\sketches\55C015A64DB09FB07C120D4FB45C919B\libraries\SrcWrapper\HAL\stm32yyxx_hal_smartcard.c.o
LOAD C:\Users\DavideDiVenti\AppData\Local\arduino\sketches\55C015A64DB09FB07C120D4FB45C919B\libraries\SrcWrapper\HAL\stm32yyxx_hal_smartcard_ex.c.o
LOAD C:\Users\DavideDiVenti\AppData\Local\arduino\sketches\55C015A64DB09FB07C120D4FB45C919B\libraries\SrcWrapper\HAL\stm32yyxx_hal_smbus.c.o
LOAD C:\Users\DavideDiVenti\AppData\Local\arduino\sketches\55C015A64DB09FB07C120D4FB45C919B\libraries\SrcWrapper\HAL\stm32yyxx_hal_smbus_ex.c.o
LOAD C:\Users\DavideDiVenti\AppData\Local\arduino\sketches\55C015A64DB09FB07C120D4FB45C919B\libraries\SrcWrapper\HAL\stm32yyxx_hal_spdifrx.c.o
LOAD C:\Users\DavideDiVenti\AppData\Local\arduino\sketches\55C015A64DB09FB07C120D4FB45C919B\libraries\SrcWrapper\HAL\stm32yyxx_hal_spi.c.o
LOAD C:\Users\DavideDiVenti\AppData\Local\arduino\sketches\55C015A64DB09FB07C120D4FB45C919B\libraries\SrcWrapper\HAL\stm32yyxx_hal_spi_ex.c.o
LOAD C:\Users\DavideDiVenti\AppData\Local\arduino\sketches\55C015A64DB09FB07C120D4FB45C919B\libraries\SrcWrapper\HAL\stm32yyxx_hal_sram.c.o
LOAD C:\Users\DavideDiVenti\AppData\Local\arduino\sketches\55C015A64DB09FB07C120D4FB45C919B\libraries\SrcWrapper\HAL\stm32yyxx_hal_subghz.c.o
LOAD C:\Users\DavideDiVenti\AppData\Local\arduino\sketches\55C015A64DB09FB07C120D4FB45C919B\libraries\SrcWrapper\HAL\stm32yyxx_hal_swpmi.c.o
LOAD C:\Users\DavideDiVenti\AppData\Local\arduino\sketches\55C015A64DB09FB07C120D4FB45C919B\libraries\SrcWrapper\HAL\stm32yyxx_hal_tim.c.o
LOAD C:\Users\DavideDiVenti\AppData\Local\arduino\sketches\55C015A64DB09FB07C120D4FB45C919B\libraries\SrcWrapper\HAL\stm32yyxx_hal_tim_ex.c.o
LOAD C:\Users\DavideDiVenti\AppData\Local\arduino\sketches\55C015A64DB09FB07C120D4FB45C919B\libraries\SrcWrapper\HAL\stm32yyxx_hal_tsc.c.o
LOAD C:\Users\DavideDiVenti\AppData\Local\arduino\sketches\55C015A64DB09FB07C120D4FB45C919B\libraries\SrcWrapper\HAL\stm32yyxx_hal_uart.c.o
LOAD C:\Users\DavideDiVenti\AppData\Local\arduino\sketches\55C015A64DB09FB07C120D4FB45C919B\libraries\SrcWrapper\HAL\stm32yyxx_hal_uart_ex.c.o
LOAD C:\Users\DavideDiVenti\AppData\Local\arduino\sketches\55C015A64DB09FB07C120D4FB45C919B\libraries\SrcWrapper\HAL\stm32yyxx_hal_usart.c.o
LOAD C:\Users\DavideDiVenti\AppData\Local\arduino\sketches\55C015A64DB09FB07C120D4FB45C919B\libraries\SrcWrapper\HAL\stm32yyxx_hal_usart_ex.c.o
LOAD C:\Users\DavideDiVenti\AppData\Local\arduino\sketches\55C015A64DB09FB07C120D4FB45C919B\libraries\SrcWrapper\HAL\stm32yyxx_hal_wwdg.c.o
LOAD C:\Users\DavideDiVenti\AppData\Local\arduino\sketches\55C015A64DB09FB07C120D4FB45C919B\libraries\SrcWrapper\HAL\stm32yyxx_hal_xspi.c.o
LOAD C:\Users\DavideDiVenti\AppData\Local\arduino\sketches\55C015A64DB09FB07C120D4FB45C919B\libraries\SrcWrapper\HardwareTimer.cpp.o
LOAD C:\Users\DavideDiVenti\AppData\Local\arduino\sketches\55C015A64DB09FB07C120D4FB45C919B\libraries\SrcWrapper\LL\stm32yyxx_ll_adc.c.o
LOAD C:\Users\DavideDiVenti\AppData\Local\arduino\sketches\55C015A64DB09FB07C120D4FB45C919B\libraries\SrcWrapper\LL\stm32yyxx_ll_bdma.c.o
LOAD C:\Users\DavideDiVenti\AppData\Local\arduino\sketches\55C015A64DB09FB07C120D4FB45C919B\libraries\SrcWrapper\LL\stm32yyxx_ll_comp.c.o
LOAD C:\Users\DavideDiVenti\AppData\Local\arduino\sketches\55C015A64DB09FB07C120D4FB45C919B\libraries\SrcWrapper\LL\stm32yyxx_ll_cordic.c.o
LOAD C:\Users\DavideDiVenti\AppData\Local\arduino\sketches\55C015A64DB09FB07C120D4FB45C919B\libraries\SrcWrapper\LL\stm32yyxx_ll_crc.c.o
LOAD C:\Users\DavideDiVenti\AppData\Local\arduino\sketches\55C015A64DB09FB07C120D4FB45C919B\libraries\SrcWrapper\LL\stm32yyxx_ll_crs.c.o
LOAD C:\Users\DavideDiVenti\AppData\Local\arduino\sketches\55C015A64DB09FB07C120D4FB45C919B\libraries\SrcWrapper\LL\stm32yyxx_ll_dac.c.o
LOAD C:\Users\DavideDiVenti\AppData\Local\arduino\sketches\55C015A64DB09FB07C120D4FB45C919B\libraries\SrcWrapper\LL\stm32yyxx_ll_delayblock.c.o
LOAD C:\Users\DavideDiVenti\AppData\Local\arduino\sketches\55C015A64DB09FB07C120D4FB45C919B\libraries\SrcWrapper\LL\stm32yyxx_ll_dlyb.c.o
LOAD C:\Users\DavideDiVenti\AppData\Local\arduino\sketches\55C015A64DB09FB07C120D4FB45C919B\libraries\SrcWrapper\LL\stm32yyxx_ll_dma.c.o
LOAD C:\Users\DavideDiVenti\AppData\Local\arduino\sketches\55C015A64DB09FB07C120D4FB45C919B\libraries\SrcWrapper\LL\stm32yyxx_ll_dma2d.c.o
LOAD C:\Users\DavideDiVenti\AppData\Local\arduino\sketches\55C015A64DB09FB07C120D4FB45C919B\libraries\SrcWrapper\LL\stm32yyxx_ll_exti.c.o
LOAD C:\Users\DavideDiVenti\AppData\Local\arduino\sketches\55C015A64DB09FB07C120D4FB45C919B\libraries\SrcWrapper\LL\stm32yyxx_ll_fmac.c.o
LOAD C:\Users\DavideDiVenti\AppData\Local\arduino\sketches\55C015A64DB09FB07C120D4FB45C919B\libraries\SrcWrapper\LL\stm32yyxx_ll_fmc.c.o
LOAD C:\Users\DavideDiVenti\AppData\Local\arduino\sketches\55C015A64DB09FB07C120D4FB45C919B\libraries\SrcWrapper\LL\stm32yyxx_ll_fmpi2c.c.o
LOAD C:\Users\DavideDiVenti\AppData\Local\arduino\sketches\55C015A64DB09FB07C120D4FB45C919B\libraries\SrcWrapper\LL\stm32yyxx_ll_fsmc.c.o
LOAD C:\Users\DavideDiVenti\AppData\Local\arduino\sketches\55C015A64DB09FB07C120D4FB45C919B\libraries\SrcWrapper\LL\stm32yyxx_ll_gpio.c.o
LOAD C:\Users\DavideDiVenti\AppData\Local\arduino\sketches\55C015A64DB09FB07C120D4FB45C919B\libraries\SrcWrapper\LL\stm32yyxx_ll_hrtim.c.o
LOAD C:\Users\DavideDiVenti\AppData\Local\arduino\sketches\55C015A64DB09FB07C120D4FB45C919B\libraries\SrcWrapper\LL\stm32yyxx_ll_i2c.c.o
LOAD C:\Users\DavideDiVenti\AppData\Local\arduino\sketches\55C015A64DB09FB07C120D4FB45C919B\libraries\SrcWrapper\LL\stm32yyxx_ll_i3c.c.o
LOAD C:\Users\DavideDiVenti\AppData\Local\arduino\sketches\55C015A64DB09FB07C120D4FB45C919B\libraries\SrcWrapper\LL\stm32yyxx_ll_icache.c.o
LOAD C:\Users\DavideDiVenti\AppData\Local\arduino\sketches\55C015A64DB09FB07C120D4FB45C919B\libraries\SrcWrapper\LL\stm32yyxx_ll_lpgpio.c.o
LOAD C:\Users\DavideDiVenti\AppData\Local\arduino\sketches\55C015A64DB09FB07C120D4FB45C919B\libraries\SrcWrapper\LL\stm32yyxx_ll_lptim.c.o
LOAD C:\Users\DavideDiVenti\AppData\Local\arduino\sketches\55C015A64DB09FB07C120D4FB45C919B\libraries\SrcWrapper\LL\stm32yyxx_ll_lpuart.c.o
LOAD C:\Users\DavideDiVenti\AppData\Local\arduino\sketches\55C015A64DB09FB07C120D4FB45C919B\libraries\SrcWrapper\LL\stm32yyxx_ll_mdma.c.o
LOAD C:\Users\DavideDiVenti\AppData\Local\arduino\sketches\55C015A64DB09FB07C120D4FB45C919B\libraries\SrcWrapper\LL\stm32yyxx_ll_opamp.c.o
LOAD C:\Users\DavideDiVenti\AppData\Local\arduino\sketches\55C015A64DB09FB07C120D4FB45C919B\libraries\SrcWrapper\LL\stm32yyxx_ll_pka.c.o
LOAD C:\Users\DavideDiVenti\AppData\Local\arduino\sketches\55C015A64DB09FB07C120D4FB45C919B\libraries\SrcWrapper\LL\stm32yyxx_ll_pwr.c.o
LOAD C:\Users\DavideDiVenti\AppData\Local\arduino\sketches\55C015A64DB09FB07C120D4FB45C919B\libraries\SrcWrapper\LL\stm32yyxx_ll_rcc.c.o
LOAD C:\Users\DavideDiVenti\AppData\Local\arduino\sketches\55C015A64DB09FB07C120D4FB45C919B\libraries\SrcWrapper\LL\stm32yyxx_ll_rng.c.o
LOAD C:\Users\DavideDiVenti\AppData\Local\arduino\sketches\55C015A64DB09FB07C120D4FB45C919B\libraries\SrcWrapper\LL\stm32yyxx_ll_rtc.c.o
LOAD C:\Users\DavideDiVenti\AppData\Local\arduino\sketches\55C015A64DB09FB07C120D4FB45C919B\libraries\SrcWrapper\LL\stm32yyxx_ll_sdmmc.c.o
LOAD C:\Users\DavideDiVenti\AppData\Local\arduino\sketches\55C015A64DB09FB07C120D4FB45C919B\libraries\SrcWrapper\LL\stm32yyxx_ll_spi.c.o
LOAD C:\Users\DavideDiVenti\AppData\Local\arduino\sketches\55C015A64DB09FB07C120D4FB45C919B\libraries\SrcWrapper\LL\stm32yyxx_ll_swpmi.c.o
LOAD C:\Users\DavideDiVenti\AppData\Local\arduino\sketches\55C015A64DB09FB07C120D4FB45C919B\libraries\SrcWrapper\LL\stm32yyxx_ll_tim.c.o
LOAD C:\Users\DavideDiVenti\AppData\Local\arduino\sketches\55C015A64DB09FB07C120D4FB45C919B\libraries\SrcWrapper\LL\stm32yyxx_ll_ucpd.c.o
LOAD C:\Users\DavideDiVenti\AppData\Local\arduino\sketches\55C015A64DB09FB07C120D4FB45C919B\libraries\SrcWrapper\LL\stm32yyxx_ll_usart.c.o
LOAD C:\Users\DavideDiVenti\AppData\Local\arduino\sketches\55C015A64DB09FB07C120D4FB45C919B\libraries\SrcWrapper\LL\stm32yyxx_ll_usb.c.o
LOAD C:\Users\DavideDiVenti\AppData\Local\arduino\sketches\55C015A64DB09FB07C120D4FB45C919B\libraries\SrcWrapper\LL\stm32yyxx_ll_utils.c.o
LOAD C:\Users\DavideDiVenti\AppData\Local\arduino\sketches\55C015A64DB09FB07C120D4FB45C919B\libraries\SrcWrapper\new.cpp.o
LOAD C:\Users\DavideDiVenti\AppData\Local\arduino\sketches\55C015A64DB09FB07C120D4FB45C919B\libraries\SrcWrapper\stm32\PortNames.c.o
LOAD C:\Users\DavideDiVenti\AppData\Local\arduino\sketches\55C015A64DB09FB07C120D4FB45C919B\libraries\SrcWrapper\stm32\analog.cpp.o
LOAD C:\Users\DavideDiVenti\AppData\Local\arduino\sketches\55C015A64DB09FB07C120D4FB45C919B\libraries\SrcWrapper\stm32\bootloader.c.o
LOAD C:\Users\DavideDiVenti\AppData\Local\arduino\sketches\55C015A64DB09FB07C120D4FB45C919B\libraries\SrcWrapper\stm32\clock.c.o
LOAD C:\Users\DavideDiVenti\AppData\Local\arduino\sketches\55C015A64DB09FB07C120D4FB45C919B\libraries\SrcWrapper\stm32\core_callback.c.o
LOAD C:\Users\DavideDiVenti\AppData\Local\arduino\sketches\55C015A64DB09FB07C120D4FB45C919B\libraries\SrcWrapper\stm32\dwt.c.o
LOAD C:\Users\DavideDiVenti\AppData\Local\arduino\sketches\55C015A64DB09FB07C120D4FB45C919B\libraries\SrcWrapper\stm32\hw_config.c.o
LOAD C:\Users\DavideDiVenti\AppData\Local\arduino\sketches\55C015A64DB09FB07C120D4FB45C919B\libraries\SrcWrapper\stm32\interrupt.cpp.o
LOAD C:\Users\DavideDiVenti\AppData\Local\arduino\sketches\55C015A64DB09FB07C120D4FB45C919B\libraries\SrcWrapper\stm32\otp.c.o
LOAD C:\Users\DavideDiVenti\AppData\Local\arduino\sketches\55C015A64DB09FB07C120D4FB45C919B\libraries\SrcWrapper\stm32\pinmap.c.o
LOAD C:\Users\DavideDiVenti\AppData\Local\arduino\sketches\55C015A64DB09FB07C120D4FB45C919B\libraries\SrcWrapper\stm32\stm32_def.c.o
LOAD C:\Users\DavideDiVenti\AppData\Local\arduino\sketches\55C015A64DB09FB07C120D4FB45C919B\libraries\SrcWrapper\stm32\system_stm32yyxx.c.o
LOAD C:\Users\DavideDiVenti\AppData\Local\arduino\sketches\55C015A64DB09FB07C120D4FB45C919B\libraries\SrcWrapper\stm32\timer.c.o
LOAD C:\Users\DavideDiVenti\AppData\Local\arduino\sketches\55C015A64DB09FB07C120D4FB45C919B\libraries\SrcWrapper\stm32\uart.c.o
LOAD C:\Users\DavideDiVenti\AppData\Local\arduino\sketches\55C015A64DB09FB07C120D4FB45C919B\libraries\SrcWrapper\syscalls.c.o
LOAD C:\Users\DavideDiVenti\AppData\Local\arduino\sketches\55C015A64DB09FB07C120D4FB45C919B\core\PeripheralPins.c.o
LOAD C:\Users\DavideDiVenti\AppData\Local\arduino\sketches\55C015A64DB09FB07C120D4FB45C919B\core\generic_clock.c.o
LOAD C:\Users\DavideDiVenti\AppData\Local\arduino\sketches\55C015A64DB09FB07C120D4FB45C919B\core\variant_NUCLEO_F303K8.cpp.o
LOAD C:\Users\DavideDiVenti\AppData\Local\arduino\sketches\55C015A64DB09FB07C120D4FB45C919B\core\variant_generic.cpp.o
LOAD C:\Users\DavideDiVenti\AppData\Local\arduino\cores\001089ec5990ee7d214a41121d4430d1\core.a
LOAD C:/Users/DavideDiVenti/AppData/Local/Arduino15/packages/STMicroelectronics/tools/xpack-arm-none-eabi-gcc/14.2.1-1.1/bin/../lib/gcc/arm-none-eabi/14.2.1/../../../../arm-none-eabi/lib/thumb/v7e-m+fp/hard\libc_nano.a
END GROUP
LOAD C:/Users/DavideDiVenti/AppData/Local/Arduino15/packages/STMicroelectronics/tools/xpack-arm-none-eabi-gcc/14.2.1-1.1/bin/../lib/gcc/arm-none-eabi/14.2.1/../../../../arm-none-eabi/lib/thumb/v7e-m+fp/hard\libm.a
LOAD C:/Users/DavideDiVenti/AppData/Local/Arduino15/packages/STMicroelectronics/tools/xpack-arm-none-eabi-gcc/14.2.1-1.1/bin/../lib/gcc/arm-none-eabi/14.2.1/thumb/v7e-m+fp/hard\libgcc.a
LOAD C:/Users/DavideDiVenti/AppData/Local/Arduino15/packages/STMicroelectronics/tools/xpack-arm-none-eabi-gcc/14.2.1-1.1/bin/../lib/gcc/arm-none-eabi/14.2.1/../../../../arm-none-eabi/lib/thumb/v7e-m+fp/hard\libstdc++_nano.a
START GROUP
LOAD C:/Users/DavideDiVenti/AppData/Local/Arduino15/packages/STMicroelectronics/tools/xpack-arm-none-eabi-gcc/14.2.1-1.1/bin/../lib/gcc/arm-none-eabi/14.2.1/thumb/v7e-m+fp/hard\libgcc.a
LOAD C:/Users/DavideDiVenti/AppData/Local/Arduino15/packages/STMicroelectronics/tools/xpack-arm-none-eabi-gcc/14.2.1-1.1/bin/../lib/gcc/arm-none-eabi/14.2.1/../../../../arm-none-eabi/lib/thumb/v7e-m+fp/hard\libc_nano.a
END GROUP
START GROUP
LOAD C:/Users/DavideDiVenti/AppData/Local/Arduino15/packages/STMicroelectronics/tools/xpack-arm-none-eabi-gcc/14.2.1-1.1/bin/../lib/gcc/arm-none-eabi/14.2.1/thumb/v7e-m+fp/hard\libgcc.a
LOAD C:/Users/DavideDiVenti/AppData/Local/Arduino15/packages/STMicroelectronics/tools/xpack-arm-none-eabi-gcc/14.2.1-1.1/bin/../lib/gcc/arm-none-eabi/14.2.1/../../../../arm-none-eabi/lib/thumb/v7e-m+fp/hard\libc_nano.a
END GROUP
LOAD C:/Users/DavideDiVenti/AppData/Local/Arduino15/packages/STMicroelectronics/tools/xpack-arm-none-eabi-gcc/14.2.1-1.1/bin/../lib/gcc/arm-none-eabi/14.2.1/thumb/v7e-m+fp/hard/crtend.o
LOAD C:/Users/DavideDiVenti/AppData/Local/Arduino15/packages/STMicroelectronics/tools/xpack-arm-none-eabi-gcc/14.2.1-1.1/bin/../lib/gcc/arm-none-eabi/14.2.1/thumb/v7e-m+fp/hard/crtn.o
                0x20003000                        _estack = (ORIGIN (RAM) + LENGTH (RAM))
                0x00000200                        _Min_Heap_Size = 0x200
                0x00000400                        _Min_Stack_Size = 0x400

.isr_vector     0x08000000      0x188
                0x08000000                        . = ALIGN (0x4)
 *(.isr_vector)
 .isr_vector    0x08000000      0x188 C:\Users\DavideDiVenti\AppData\Local\arduino\cores\001089ec5990ee7d214a41121d4430d1\core.a(startup_stm32yyxx.S.o)
                0x08000000                g_pfnVectors
                0x08000188                        . = ALIGN (0x4)

.text           0x08000190     0xa004
                0x08000190                        . = ALIGN (0x4)
 *(.text)
 .text          0x08000190     0x3e60 C:\Users\DAVIDE~1\AppData\Local\Temp\ccYTjIHG.ltrans0.ltrans.o
                0x080036d4                CAN_RX0_IRQHandler
                0x08003a32                CAN_TX_IRQHandler
                0x08003a36                TIM1_UP_TIM16_IRQHandler
                0x08003a5c                TIM2_IRQHandler
                0x08003a70                TIM3_IRQHandler
                0x08003a84                TIM6_DAC1_IRQHandler
                0x08003a98                TIM7_DAC2_IRQHandler
                0x08003aac                TIM1_BRK_TIM15_IRQHandler
                0x08003ac0                TIM1_TRG_COM_TIM17_IRQHandler
                0x08003ad4                operator delete(void*)
                0x08003ad8                operator delete(void*, unsigned int)
                0x08003adc                SysTick_Handler
                0x08003aec                EXTI0_IRQHandler
                0x08003af2                EXTI1_IRQHandler
                0x08003af8                EXTI3_IRQHandler
                0x08003afe                EXTI4_IRQHandler
                0x08003b04                EXTI9_5_IRQHandler
                0x08003b2c                EXTI15_10_IRQHandler
                0x08003b44                SystemInit
                0x08003bb0                USART1_IRQHandler
                0x08003bc8                USART2_IRQHandler
                0x08003be4                USART3_IRQHandler
                0x08003c00                _sbrk
                0x08003c40                _close
                0x08003c46                _fstat
                0x08003c50                _isatty
                0x08003c54                _lseek
                0x08003c58                _read
                0x08003c5c                _exit
                0x08003c5e                _kill
                0x08003c70                _getpid
                0x08003c74                _write
 .text          0x08003ff0       0xa0 C:/Users/DavideDiVenti/AppData/Local/Arduino15/packages/STMicroelectronics/tools/xpack-arm-none-eabi-gcc/14.2.1-1.1/bin/../lib/gcc/arm-none-eabi/14.2.1/../../../../arm-none-eabi/lib/thumb/v7e-m+fp/hard\libc_nano.a(libc_a-memchr.o)
                0x08003ff0                memchr
 .text          0x08004090       0x10 C:/Users/DavideDiVenti/AppData/Local/Arduino15/packages/STMicroelectronics/tools/xpack-arm-none-eabi-gcc/14.2.1-1.1/bin/../lib/gcc/arm-none-eabi/14.2.1/../../../../arm-none-eabi/lib/thumb/v7e-m+fp/hard\libc_nano.a(libc_a-strlen.o)
                0x08004090                strlen
 .text          0x080040a0      0x378 C:/Users/DavideDiVenti/AppData/Local/Arduino15/packages/STMicroelectronics/tools/xpack-arm-none-eabi-gcc/14.2.1-1.1/bin/../lib/gcc/arm-none-eabi/14.2.1/thumb/v7e-m+fp/hard\libgcc.a(_arm_addsubdf3.o)
                0x080040a0                __aeabi_drsub
                0x080040a8                __aeabi_dsub
                0x080040a8                __subdf3
                0x080040ac                __aeabi_dadd
                0x080040ac                __adddf3
                0x08004324                __floatunsidf
                0x08004324                __aeabi_ui2d
                0x08004344                __floatsidf
                0x08004344                __aeabi_i2d
                0x08004368                __aeabi_f2d
                0x08004368                __extendsfdf2
                0x080043ac                __floatundidf
                0x080043ac                __aeabi_ul2d
                0x080043bc                __floatdidf
                0x080043bc                __aeabi_l2d
 .text          0x08004418      0x424 C:/Users/DavideDiVenti/AppData/Local/Arduino15/packages/STMicroelectronics/tools/xpack-arm-none-eabi-gcc/14.2.1-1.1/bin/../lib/gcc/arm-none-eabi/14.2.1/thumb/v7e-m+fp/hard\libgcc.a(_arm_muldivdf3.o)
                0x08004418                __aeabi_dmul
                0x08004418                __muldf3
                0x0800466c                __divdf3
                0x0800466c                __aeabi_ddiv
 .text          0x0800483c      0x110 C:/Users/DavideDiVenti/AppData/Local/Arduino15/packages/STMicroelectronics/tools/xpack-arm-none-eabi-gcc/14.2.1-1.1/bin/../lib/gcc/arm-none-eabi/14.2.1/thumb/v7e-m+fp/hard\libgcc.a(_arm_cmpdf2.o)
                0x0800483c                __gtdf2
                0x0800483c                __gedf2
                0x08004844                __ltdf2
                0x08004844                __ledf2
                0x0800484c                __nedf2
                0x0800484c                __eqdf2
                0x0800484c                __cmpdf2
                0x080048c8                __aeabi_cdrcmple
                0x080048d8                __aeabi_cdcmpeq
                0x080048d8                __aeabi_cdcmple
                0x080048e8                __aeabi_dcmpeq
                0x080048fc                __aeabi_dcmplt
                0x08004910                __aeabi_dcmple
                0x08004924                __aeabi_dcmpge
                0x08004938                __aeabi_dcmpgt
 .text          0x0800494c       0x2c C:/Users/DavideDiVenti/AppData/Local/Arduino15/packages/STMicroelectronics/tools/xpack-arm-none-eabi-gcc/14.2.1-1.1/bin/../lib/gcc/arm-none-eabi/14.2.1/thumb/v7e-m+fp/hard\libgcc.a(_arm_unorddf2.o)
                0x0800494c                __unorddf2
                0x0800494c                __aeabi_dcmpun
 .text          0x08004978       0x40 C:/Users/DavideDiVenti/AppData/Local/Arduino15/packages/STMicroelectronics/tools/xpack-arm-none-eabi-gcc/14.2.1-1.1/bin/../lib/gcc/arm-none-eabi/14.2.1/thumb/v7e-m+fp/hard\libgcc.a(_arm_fixunsdfsi.o)
                0x08004978                __aeabi_d2uiz
                0x08004978                __fixunsdfsi
 .text          0x080049b8       0xa0 C:/Users/DavideDiVenti/AppData/Local/Arduino15/packages/STMicroelectronics/tools/xpack-arm-none-eabi-gcc/14.2.1-1.1/bin/../lib/gcc/arm-none-eabi/14.2.1/thumb/v7e-m+fp/hard\libgcc.a(_arm_truncdfsf2.o)
                0x080049b8                __truncdfsf2
                0x080049b8                __aeabi_d2f
 *(.text*)
 .text.__do_global_dtors_aux
                0x08004a58       0x24 C:/Users/DavideDiVenti/AppData/Local/Arduino15/packages/STMicroelectronics/tools/xpack-arm-none-eabi-gcc/14.2.1-1.1/bin/../lib/gcc/arm-none-eabi/14.2.1/thumb/v7e-m+fp/hard/crtbegin.o
 .text.frame_dummy
                0x08004a7c       0x1c C:/Users/DavideDiVenti/AppData/Local/Arduino15/packages/STMicroelectronics/tools/xpack-arm-none-eabi-gcc/14.2.1-1.1/bin/../lib/gcc/arm-none-eabi/14.2.1/thumb/v7e-m+fp/hard/crtbegin.o
 .text.startup  0x08004a98     0x147c C:\Users\DAVIDE~1\AppData\Local\Temp\ccYTjIHG.ltrans0.ltrans.o
                0x08004e2c                main
 .text.exit     0x08005f14       0xa8 C:\Users\DAVIDE~1\AppData\Local\Temp\ccYTjIHG.ltrans0.ltrans.o
 .text.Reset_Handler
                0x08005fbc       0x50 C:\Users\DavideDiVenti\AppData\Local\arduino\cores\001089ec5990ee7d214a41121d4430d1\core.a(startup_stm32yyxx.S.o)
                0x08005fbc                Reset_Handler
 .text.Default_Handler
                0x0800600c        0x2 C:\Users\DavideDiVenti\AppData\Local\arduino\cores\001089ec5990ee7d214a41121d4430d1\core.a(startup_stm32yyxx.S.o)
                0x0800600c                RTC_Alarm_IRQHandler
                0x0800600c                DebugMon_Handler
                0x0800600c                TIM1_CC_IRQHandler
                0x0800600c                HardFault_Handler
                0x0800600c                PVD_IRQHandler
                0x0800600c                TAMP_STAMP_IRQHandler
                0x0800600c                PendSV_Handler
                0x0800600c                NMI_Handler
                0x0800600c                FPU_IRQHandler
                0x0800600c                UsageFault_Handler
                0x0800600c                ADC1_2_IRQHandler
                0x0800600c                SPI1_IRQHandler
                0x0800600c                CAN_SCE_IRQHandler
                0x0800600c                DMA1_Channel4_IRQHandler
                0x0800600c                DMA1_Channel7_IRQHandler
                0x0800600c                CAN_RX1_IRQHandler
                0x0800600c                I2C1_EV_IRQHandler
                0x0800600c                DMA1_Channel6_IRQHandler
                0x0800600c                RCC_IRQHandler
                0x0800600c                DMA1_Channel1_IRQHandler
                0x0800600c                Default_Handler
                0x0800600c                COMP2_IRQHandler
                0x0800600c                RTC_WKUP_IRQHandler
                0x0800600c                MemManage_Handler
                0x0800600c                SVC_Handler
                0x0800600c                DMA1_Channel5_IRQHandler
                0x0800600c                DMA1_Channel3_IRQHandler
                0x0800600c                WWDG_IRQHandler
                0x0800600c                COMP4_6_IRQHandler
                0x0800600c                DMA1_Channel2_IRQHandler
                0x0800600c                FLASH_IRQHandler
                0x0800600c                BusFault_Handler
                0x0800600c                I2C1_ER_IRQHandler
                0x0800600c                EXTI2_TSC_IRQHandler
 .text.atof     0x0800600e        0x6 C:/Users/DavideDiVenti/AppData/Local/Arduino15/packages/STMicroelectronics/tools/xpack-arm-none-eabi-gcc/14.2.1-1.1/bin/../lib/gcc/arm-none-eabi/14.2.1/../../../../arm-none-eabi/lib/thumb/v7e-m+fp/hard\libc_nano.a(libc_a-atof.o)
                0x0800600e                atof
 .text.sulp     0x08006014       0x3c C:/Users/DavideDiVenti/AppData/Local/Arduino15/packages/STMicroelectronics/tools/xpack-arm-none-eabi-gcc/14.2.1-1.1/bin/../lib/gcc/arm-none-eabi/14.2.1/../../../../arm-none-eabi/lib/thumb/v7e-m+fp/hard\libc_nano.a(libc_a-strtod.o)
 .text._strtod_l
                0x08006050      0xbb8 C:/Users/DavideDiVenti/AppData/Local/Arduino15/packages/STMicroelectronics/tools/xpack-arm-none-eabi-gcc/14.2.1-1.1/bin/../lib/gcc/arm-none-eabi/14.2.1/../../../../arm-none-eabi/lib/thumb/v7e-m+fp/hard\libc_nano.a(libc_a-strtod.o)
                0x08006050                _strtod_l
 .text.strtod   0x08006c08       0x18 C:/Users/DavideDiVenti/AppData/Local/Arduino15/packages/STMicroelectronics/tools/xpack-arm-none-eabi-gcc/14.2.1-1.1/bin/../lib/gcc/arm-none-eabi/14.2.1/../../../../arm-none-eabi/lib/thumb/v7e-m+fp/hard\libc_nano.a(libc_a-strtod.o)
                0x08006c08                strtod
 .text.std      0x08006c20       0x6c C:/Users/DavideDiVenti/AppData/Local/Arduino15/packages/STMicroelectronics/tools/xpack-arm-none-eabi-gcc/14.2.1-1.1/bin/../lib/gcc/arm-none-eabi/14.2.1/../../../../arm-none-eabi/lib/thumb/v7e-m+fp/hard\libc_nano.a(libc_a-findfp.o)
 .text.stdio_exit_handler
                0x08006c8c       0x18 C:/Users/DavideDiVenti/AppData/Local/Arduino15/packages/STMicroelectronics/tools/xpack-arm-none-eabi-gcc/14.2.1-1.1/bin/../lib/gcc/arm-none-eabi/14.2.1/../../../../arm-none-eabi/lib/thumb/v7e-m+fp/hard\libc_nano.a(libc_a-findfp.o)
 .text.cleanup_stdio
                0x08006ca4       0x40 C:/Users/DavideDiVenti/AppData/Local/Arduino15/packages/STMicroelectronics/tools/xpack-arm-none-eabi-gcc/14.2.1-1.1/bin/../lib/gcc/arm-none-eabi/14.2.1/../../../../arm-none-eabi/lib/thumb/v7e-m+fp/hard\libc_nano.a(libc_a-findfp.o)
 .text.global_stdio_init.part.0
                0x08006ce4       0x40 C:/Users/DavideDiVenti/AppData/Local/Arduino15/packages/STMicroelectronics/tools/xpack-arm-none-eabi-gcc/14.2.1-1.1/bin/../lib/gcc/arm-none-eabi/14.2.1/../../../../arm-none-eabi/lib/thumb/v7e-m+fp/hard\libc_nano.a(libc_a-findfp.o)
 .text.__sfp_lock_acquire
                0x08006d24        0xc C:/Users/DavideDiVenti/AppData/Local/Arduino15/packages/STMicroelectronics/tools/xpack-arm-none-eabi-gcc/14.2.1-1.1/bin/../lib/gcc/arm-none-eabi/14.2.1/../../../../arm-none-eabi/lib/thumb/v7e-m+fp/hard\libc_nano.a(libc_a-findfp.o)
                0x08006d24                __sfp_lock_acquire
 .text.__sfp_lock_release
                0x08006d30        0xc C:/Users/DavideDiVenti/AppData/Local/Arduino15/packages/STMicroelectronics/tools/xpack-arm-none-eabi-gcc/14.2.1-1.1/bin/../lib/gcc/arm-none-eabi/14.2.1/../../../../arm-none-eabi/lib/thumb/v7e-m+fp/hard\libc_nano.a(libc_a-findfp.o)
                0x08006d30                __sfp_lock_release
 .text.__sinit  0x08006d3c       0x30 C:/Users/DavideDiVenti/AppData/Local/Arduino15/packages/STMicroelectronics/tools/xpack-arm-none-eabi-gcc/14.2.1-1.1/bin/../lib/gcc/arm-none-eabi/14.2.1/../../../../arm-none-eabi/lib/thumb/v7e-m+fp/hard\libc_nano.a(libc_a-findfp.o)
                0x08006d3c                __sinit
 .text._fwalk_sglue
                0x08006d6c       0x3c C:/Users/DavideDiVenti/AppData/Local/Arduino15/packages/STMicroelectronics/tools/xpack-arm-none-eabi-gcc/14.2.1-1.1/bin/../lib/gcc/arm-none-eabi/14.2.1/../../../../arm-none-eabi/lib/thumb/v7e-m+fp/hard\libc_nano.a(libc_a-fwalk.o)
                0x08006d6c                _fwalk_sglue
 .text.__sread  0x08006da8       0x22 C:/Users/DavideDiVenti/AppData/Local/Arduino15/packages/STMicroelectronics/tools/xpack-arm-none-eabi-gcc/14.2.1-1.1/bin/../lib/gcc/arm-none-eabi/14.2.1/../../../../arm-none-eabi/lib/thumb/v7e-m+fp/hard\libc_nano.a(libc_a-stdio.o)
                0x08006da8                __sread
 .text.__swrite
                0x08006dca       0x38 C:/Users/DavideDiVenti/AppData/Local/Arduino15/packages/STMicroelectronics/tools/xpack-arm-none-eabi-gcc/14.2.1-1.1/bin/../lib/gcc/arm-none-eabi/14.2.1/../../../../arm-none-eabi/lib/thumb/v7e-m+fp/hard\libc_nano.a(libc_a-stdio.o)
                0x08006dca                __swrite
 .text.__sseek  0x08006e02       0x26 C:/Users/DavideDiVenti/AppData/Local/Arduino15/packages/STMicroelectronics/tools/xpack-arm-none-eabi-gcc/14.2.1-1.1/bin/../lib/gcc/arm-none-eabi/14.2.1/../../../../arm-none-eabi/lib/thumb/v7e-m+fp/hard\libc_nano.a(libc_a-stdio.o)
                0x08006e02                __sseek
 .text.__sclose
                0x08006e28        0x8 C:/Users/DavideDiVenti/AppData/Local/Arduino15/packages/STMicroelectronics/tools/xpack-arm-none-eabi-gcc/14.2.1-1.1/bin/../lib/gcc/arm-none-eabi/14.2.1/../../../../arm-none-eabi/lib/thumb/v7e-m+fp/hard\libc_nano.a(libc_a-stdio.o)
                0x08006e28                __sclose
 .text.memset   0x08006e30       0x10 C:/Users/DavideDiVenti/AppData/Local/Arduino15/packages/STMicroelectronics/tools/xpack-arm-none-eabi-gcc/14.2.1-1.1/bin/../lib/gcc/arm-none-eabi/14.2.1/../../../../arm-none-eabi/lib/thumb/v7e-m+fp/hard\libc_nano.a(libc_a-memset.o)
                0x08006e30                memset
 .text.strncmp  0x08006e40       0x24 C:/Users/DavideDiVenti/AppData/Local/Arduino15/packages/STMicroelectronics/tools/xpack-arm-none-eabi-gcc/14.2.1-1.1/bin/../lib/gcc/arm-none-eabi/14.2.1/../../../../arm-none-eabi/lib/thumb/v7e-m+fp/hard\libc_nano.a(libc_a-strncmp.o)
                0x08006e40                strncmp
 .text._close_r
                0x08006e64       0x20 C:/Users/DavideDiVenti/AppData/Local/Arduino15/packages/STMicroelectronics/tools/xpack-arm-none-eabi-gcc/14.2.1-1.1/bin/../lib/gcc/arm-none-eabi/14.2.1/../../../../arm-none-eabi/lib/thumb/v7e-m+fp/hard\libc_nano.a(libc_a-closer.o)
                0x08006e64                _close_r
 .text._lseek_r
                0x08006e84       0x24 C:/Users/DavideDiVenti/AppData/Local/Arduino15/packages/STMicroelectronics/tools/xpack-arm-none-eabi-gcc/14.2.1-1.1/bin/../lib/gcc/arm-none-eabi/14.2.1/../../../../arm-none-eabi/lib/thumb/v7e-m+fp/hard\libc_nano.a(libc_a-lseekr.o)
                0x08006e84                _lseek_r
 .text._read_r  0x08006ea8       0x24 C:/Users/DavideDiVenti/AppData/Local/Arduino15/packages/STMicroelectronics/tools/xpack-arm-none-eabi-gcc/14.2.1-1.1/bin/../lib/gcc/arm-none-eabi/14.2.1/../../../../arm-none-eabi/lib/thumb/v7e-m+fp/hard\libc_nano.a(libc_a-readr.o)
                0x08006ea8                _read_r
 .text._write_r
                0x08006ecc       0x24 C:/Users/DavideDiVenti/AppData/Local/Arduino15/packages/STMicroelectronics/tools/xpack-arm-none-eabi-gcc/14.2.1-1.1/bin/../lib/gcc/arm-none-eabi/14.2.1/../../../../arm-none-eabi/lib/thumb/v7e-m+fp/hard\libc_nano.a(libc_a-writer.o)
                0x08006ecc                _write_r
 .text.__errno  0x08006ef0        0xc C:/Users/DavideDiVenti/AppData/Local/Arduino15/packages/STMicroelectronics/tools/xpack-arm-none-eabi-gcc/14.2.1-1.1/bin/../lib/gcc/arm-none-eabi/14.2.1/../../../../arm-none-eabi/lib/thumb/v7e-m+fp/hard\libc_nano.a(libc_a-errno.o)
                0x08006ef0                __errno
 .text.__libc_init_array
                0x08006efc       0x48 C:/Users/DavideDiVenti/AppData/Local/Arduino15/packages/STMicroelectronics/tools/xpack-arm-none-eabi-gcc/14.2.1-1.1/bin/../lib/gcc/arm-none-eabi/14.2.1/../../../../arm-none-eabi/lib/thumb/v7e-m+fp/hard\libc_nano.a(libc_a-init.o)
                0x08006efc                __libc_init_array
 .text.__retarget_lock_init_recursive
                0x08006f44        0x2 C:/Users/DavideDiVenti/AppData/Local/Arduino15/packages/STMicroelectronics/tools/xpack-arm-none-eabi-gcc/14.2.1-1.1/bin/../lib/gcc/arm-none-eabi/14.2.1/../../../../arm-none-eabi/lib/thumb/v7e-m+fp/hard\libc_nano.a(libc_a-lock.o)
                0x08006f44                __retarget_lock_init_recursive
 .text.__retarget_lock_acquire_recursive
                0x08006f46        0x2 C:/Users/DavideDiVenti/AppData/Local/Arduino15/packages/STMicroelectronics/tools/xpack-arm-none-eabi-gcc/14.2.1-1.1/bin/../lib/gcc/arm-none-eabi/14.2.1/../../../../arm-none-eabi/lib/thumb/v7e-m+fp/hard\libc_nano.a(libc_a-lock.o)
                0x08006f46                __retarget_lock_acquire_recursive
 .text.__retarget_lock_release_recursive
                0x08006f48        0x2 C:/Users/DavideDiVenti/AppData/Local/Arduino15/packages/STMicroelectronics/tools/xpack-arm-none-eabi-gcc/14.2.1-1.1/bin/../lib/gcc/arm-none-eabi/14.2.1/../../../../arm-none-eabi/lib/thumb/v7e-m+fp/hard\libc_nano.a(libc_a-lock.o)
                0x08006f48                __retarget_lock_release_recursive
 .text.memcpy   0x08006f4a       0x1c C:/Users/DavideDiVenti/AppData/Local/Arduino15/packages/STMicroelectronics/tools/xpack-arm-none-eabi-gcc/14.2.1-1.1/bin/../lib/gcc/arm-none-eabi/14.2.1/../../../../arm-none-eabi/lib/thumb/v7e-m+fp/hard\libc_nano.a(libc_a-memcpy-stub.o)
                0x08006f4a                memcpy
 *fill*         0x08006f66        0x2 
 .text.nan      0x08006f68       0x10 C:/Users/DavideDiVenti/AppData/Local/Arduino15/packages/STMicroelectronics/tools/xpack-arm-none-eabi-gcc/14.2.1-1.1/bin/../lib/gcc/arm-none-eabi/14.2.1/../../../../arm-none-eabi/lib/thumb/v7e-m+fp/hard\libc_nano.a(libm_a-s_nan.o)
                0x08006f68                nan
 .text._free_r  0x08006f78       0x94 C:/Users/DavideDiVenti/AppData/Local/Arduino15/packages/STMicroelectronics/tools/xpack-arm-none-eabi-gcc/14.2.1-1.1/bin/../lib/gcc/arm-none-eabi/14.2.1/../../../../arm-none-eabi/lib/thumb/v7e-m+fp/hard\libc_nano.a(libc_a-freer.o)
                0x08006f78                _free_r
 .text.rshift   0x0800700c       0xa4 C:/Users/DavideDiVenti/AppData/Local/Arduino15/packages/STMicroelectronics/tools/xpack-arm-none-eabi-gcc/14.2.1-1.1/bin/../lib/gcc/arm-none-eabi/14.2.1/../../../../arm-none-eabi/lib/thumb/v7e-m+fp/hard\libc_nano.a(libc_a-gdtoa-gethex.o)
 .text.__hexdig_fun
                0x080070b0       0x2a C:/Users/DavideDiVenti/AppData/Local/Arduino15/packages/STMicroelectronics/tools/xpack-arm-none-eabi-gcc/14.2.1-1.1/bin/../lib/gcc/arm-none-eabi/14.2.1/../../../../arm-none-eabi/lib/thumb/v7e-m+fp/hard\libc_nano.a(libc_a-gdtoa-gethex.o)
                0x080070b0                __hexdig_fun
 *fill*         0x080070da        0x2 
 .text.__gethex
                0x080070dc      0x420 C:/Users/DavideDiVenti/AppData/Local/Arduino15/packages/STMicroelectronics/tools/xpack-arm-none-eabi-gcc/14.2.1-1.1/bin/../lib/gcc/arm-none-eabi/14.2.1/../../../../arm-none-eabi/lib/thumb/v7e-m+fp/hard\libc_nano.a(libc_a-gdtoa-gethex.o)
                0x080070dc                __gethex
 .text.L_shift  0x080074fc       0x24 C:/Users/DavideDiVenti/AppData/Local/Arduino15/packages/STMicroelectronics/tools/xpack-arm-none-eabi-gcc/14.2.1-1.1/bin/../lib/gcc/arm-none-eabi/14.2.1/../../../../arm-none-eabi/lib/thumb/v7e-m+fp/hard\libc_nano.a(libc_a-gdtoa-hexnan.o)
 .text.__match  0x08007520       0x28 C:/Users/DavideDiVenti/AppData/Local/Arduino15/packages/STMicroelectronics/tools/xpack-arm-none-eabi-gcc/14.2.1-1.1/bin/../lib/gcc/arm-none-eabi/14.2.1/../../../../arm-none-eabi/lib/thumb/v7e-m+fp/hard\libc_nano.a(libc_a-gdtoa-hexnan.o)
                0x08007520                __match
 .text.__hexnan
                0x08007548      0x13a C:/Users/DavideDiVenti/AppData/Local/Arduino15/packages/STMicroelectronics/tools/xpack-arm-none-eabi-gcc/14.2.1-1.1/bin/../lib/gcc/arm-none-eabi/14.2.1/../../../../arm-none-eabi/lib/thumb/v7e-m+fp/hard\libc_nano.a(libc_a-gdtoa-hexnan.o)
                0x08007548                __hexnan
 *fill*         0x08007682        0x2 
 .text.sbrk_aligned
                0x08007684       0x44 C:/Users/DavideDiVenti/AppData/Local/Arduino15/packages/STMicroelectronics/tools/xpack-arm-none-eabi-gcc/14.2.1-1.1/bin/../lib/gcc/arm-none-eabi/14.2.1/../../../../arm-none-eabi/lib/thumb/v7e-m+fp/hard\libc_nano.a(libc_a-mallocr.o)
 .text._malloc_r
                0x080076c8      0x100 C:/Users/DavideDiVenti/AppData/Local/Arduino15/packages/STMicroelectronics/tools/xpack-arm-none-eabi-gcc/14.2.1-1.1/bin/../lib/gcc/arm-none-eabi/14.2.1/../../../../arm-none-eabi/lib/thumb/v7e-m+fp/hard\libc_nano.a(libc_a-mallocr.o)
                0x080076c8                _malloc_r
 .text.__ascii_mbtowc
                0x080077c8       0x24 C:/Users/DavideDiVenti/AppData/Local/Arduino15/packages/STMicroelectronics/tools/xpack-arm-none-eabi-gcc/14.2.1-1.1/bin/../lib/gcc/arm-none-eabi/14.2.1/../../../../arm-none-eabi/lib/thumb/v7e-m+fp/hard\libc_nano.a(libc_a-mbtowc_r.o)
                0x080077c8                __ascii_mbtowc
 .text.__malloc_lock
                0x080077ec        0xc C:/Users/DavideDiVenti/AppData/Local/Arduino15/packages/STMicroelectronics/tools/xpack-arm-none-eabi-gcc/14.2.1-1.1/bin/../lib/gcc/arm-none-eabi/14.2.1/../../../../arm-none-eabi/lib/thumb/v7e-m+fp/hard\libc_nano.a(libc_a-mlock.o)
                0x080077ec                __malloc_lock
 .text.__malloc_unlock
                0x080077f8        0xc C:/Users/DavideDiVenti/AppData/Local/Arduino15/packages/STMicroelectronics/tools/xpack-arm-none-eabi-gcc/14.2.1-1.1/bin/../lib/gcc/arm-none-eabi/14.2.1/../../../../arm-none-eabi/lib/thumb/v7e-m+fp/hard\libc_nano.a(libc_a-mlock.o)
                0x080077f8                __malloc_unlock
 .text._Balloc  0x08007804       0x7c C:/Users/DavideDiVenti/AppData/Local/Arduino15/packages/STMicroelectronics/tools/xpack-arm-none-eabi-gcc/14.2.1-1.1/bin/../lib/gcc/arm-none-eabi/14.2.1/../../../../arm-none-eabi/lib/thumb/v7e-m+fp/hard\libc_nano.a(libc_a-mprec.o)
                0x08007804                _Balloc
 .text._Bfree   0x08007880       0x44 C:/Users/DavideDiVenti/AppData/Local/Arduino15/packages/STMicroelectronics/tools/xpack-arm-none-eabi-gcc/14.2.1-1.1/bin/../lib/gcc/arm-none-eabi/14.2.1/../../../../arm-none-eabi/lib/thumb/v7e-m+fp/hard\libc_nano.a(libc_a-mprec.o)
                0x08007880                _Bfree
 .text.__multadd
                0x080078c4       0x8c C:/Users/DavideDiVenti/AppData/Local/Arduino15/packages/STMicroelectronics/tools/xpack-arm-none-eabi-gcc/14.2.1-1.1/bin/../lib/gcc/arm-none-eabi/14.2.1/../../../../arm-none-eabi/lib/thumb/v7e-m+fp/hard\libc_nano.a(libc_a-mprec.o)
                0x080078c4                __multadd
 .text.__s2b    0x08007950       0x94 C:/Users/DavideDiVenti/AppData/Local/Arduino15/packages/STMicroelectronics/tools/xpack-arm-none-eabi-gcc/14.2.1-1.1/bin/../lib/gcc/arm-none-eabi/14.2.1/../../../../arm-none-eabi/lib/thumb/v7e-m+fp/hard\libc_nano.a(libc_a-mprec.o)
                0x08007950                __s2b
 .text.__hi0bits
                0x080079e4       0x3e C:/Users/DavideDiVenti/AppData/Local/Arduino15/packages/STMicroelectronics/tools/xpack-arm-none-eabi-gcc/14.2.1-1.1/bin/../lib/gcc/arm-none-eabi/14.2.1/../../../../arm-none-eabi/lib/thumb/v7e-m+fp/hard\libc_nano.a(libc_a-mprec.o)
                0x080079e4                __hi0bits
 .text.__lo0bits
                0x08007a22       0x5a C:/Users/DavideDiVenti/AppData/Local/Arduino15/packages/STMicroelectronics/tools/xpack-arm-none-eabi-gcc/14.2.1-1.1/bin/../lib/gcc/arm-none-eabi/14.2.1/../../../../arm-none-eabi/lib/thumb/v7e-m+fp/hard\libc_nano.a(libc_a-mprec.o)
                0x08007a22                __lo0bits
 .text.__i2b    0x08007a7c       0x2c C:/Users/DavideDiVenti/AppData/Local/Arduino15/packages/STMicroelectronics/tools/xpack-arm-none-eabi-gcc/14.2.1-1.1/bin/../lib/gcc/arm-none-eabi/14.2.1/../../../../arm-none-eabi/lib/thumb/v7e-m+fp/hard\libc_nano.a(libc_a-mprec.o)
                0x08007a7c                __i2b
 .text.__multiply
                0x08007aa8      0x154 C:/Users/DavideDiVenti/AppData/Local/Arduino15/packages/STMicroelectronics/tools/xpack-arm-none-eabi-gcc/14.2.1-1.1/bin/../lib/gcc/arm-none-eabi/14.2.1/../../../../arm-none-eabi/lib/thumb/v7e-m+fp/hard\libc_nano.a(libc_a-mprec.o)
                0x08007aa8                __multiply
 .text.__pow5mult
                0x08007bfc       0xb8 C:/Users/DavideDiVenti/AppData/Local/Arduino15/packages/STMicroelectronics/tools/xpack-arm-none-eabi-gcc/14.2.1-1.1/bin/../lib/gcc/arm-none-eabi/14.2.1/../../../../arm-none-eabi/lib/thumb/v7e-m+fp/hard\libc_nano.a(libc_a-mprec.o)
                0x08007bfc                __pow5mult
 .text.__lshift
                0x08007cb4       0xdc C:/Users/DavideDiVenti/AppData/Local/Arduino15/packages/STMicroelectronics/tools/xpack-arm-none-eabi-gcc/14.2.1-1.1/bin/../lib/gcc/arm-none-eabi/14.2.1/../../../../arm-none-eabi/lib/thumb/v7e-m+fp/hard\libc_nano.a(libc_a-mprec.o)
                0x08007cb4                __lshift
 .text.__mcmp   0x08007d90       0x36 C:/Users/DavideDiVenti/AppData/Local/Arduino15/packages/STMicroelectronics/tools/xpack-arm-none-eabi-gcc/14.2.1-1.1/bin/../lib/gcc/arm-none-eabi/14.2.1/../../../../arm-none-eabi/lib/thumb/v7e-m+fp/hard\libc_nano.a(libc_a-mprec.o)
                0x08007d90                __mcmp
 *fill*         0x08007dc6        0x2 
 .text.__mdiff  0x08007dc8      0x130 C:/Users/DavideDiVenti/AppData/Local/Arduino15/packages/STMicroelectronics/tools/xpack-arm-none-eabi-gcc/14.2.1-1.1/bin/../lib/gcc/arm-none-eabi/14.2.1/../../../../arm-none-eabi/lib/thumb/v7e-m+fp/hard\libc_nano.a(libc_a-mprec.o)
                0x08007dc8                __mdiff
 .text.__ulp    0x08007ef8       0x4c C:/Users/DavideDiVenti/AppData/Local/Arduino15/packages/STMicroelectronics/tools/xpack-arm-none-eabi-gcc/14.2.1-1.1/bin/../lib/gcc/arm-none-eabi/14.2.1/../../../../arm-none-eabi/lib/thumb/v7e-m+fp/hard\libc_nano.a(libc_a-mprec.o)
                0x08007ef8                __ulp
 .text.__b2d    0x08007f44       0x94 C:/Users/DavideDiVenti/AppData/Local/Arduino15/packages/STMicroelectronics/tools/xpack-arm-none-eabi-gcc/14.2.1-1.1/bin/../lib/gcc/arm-none-eabi/14.2.1/../../../../arm-none-eabi/lib/thumb/v7e-m+fp/hard\libc_nano.a(libc_a-mprec.o)
                0x08007f44                __b2d
 .text.__d2b    0x08007fd8       0xb0 C:/Users/DavideDiVenti/AppData/Local/Arduino15/packages/STMicroelectronics/tools/xpack-arm-none-eabi-gcc/14.2.1-1.1/bin/../lib/gcc/arm-none-eabi/14.2.1/../../../../arm-none-eabi/lib/thumb/v7e-m+fp/hard\libc_nano.a(libc_a-mprec.o)
                0x08007fd8                __d2b
 .text.__ratio  0x08008088       0x64 C:/Users/DavideDiVenti/AppData/Local/Arduino15/packages/STMicroelectronics/tools/xpack-arm-none-eabi-gcc/14.2.1-1.1/bin/../lib/gcc/arm-none-eabi/14.2.1/../../../../arm-none-eabi/lib/thumb/v7e-m+fp/hard\libc_nano.a(libc_a-mprec.o)
                0x08008088                __ratio
 .text.__copybits
                0x080080ec       0x46 C:/Users/DavideDiVenti/AppData/Local/Arduino15/packages/STMicroelectronics/tools/xpack-arm-none-eabi-gcc/14.2.1-1.1/bin/../lib/gcc/arm-none-eabi/14.2.1/../../../../arm-none-eabi/lib/thumb/v7e-m+fp/hard\libc_nano.a(libc_a-mprec.o)
                0x080080ec                __copybits
 .text.__any_on
                0x08008132       0x42 C:/Users/DavideDiVenti/AppData/Local/Arduino15/packages/STMicroelectronics/tools/xpack-arm-none-eabi-gcc/14.2.1-1.1/bin/../lib/gcc/arm-none-eabi/14.2.1/../../../../arm-none-eabi/lib/thumb/v7e-m+fp/hard\libc_nano.a(libc_a-mprec.o)
                0x08008132                __any_on
 .text.__ascii_wctomb
                0x08008174       0x1a C:/Users/DavideDiVenti/AppData/Local/Arduino15/packages/STMicroelectronics/tools/xpack-arm-none-eabi-gcc/14.2.1-1.1/bin/../lib/gcc/arm-none-eabi/14.2.1/../../../../arm-none-eabi/lib/thumb/v7e-m+fp/hard\libc_nano.a(libc_a-wctomb_r.o)
                0x08008174                __ascii_wctomb
 .text.__ssputs_r
                0x0800818e       0xc0 C:/Users/DavideDiVenti/AppData/Local/Arduino15/packages/STMicroelectronics/tools/xpack-arm-none-eabi-gcc/14.2.1-1.1/bin/../lib/gcc/arm-none-eabi/14.2.1/../../../../arm-none-eabi/lib/thumb/v7e-m+fp/hard\libc_nano.a(libc_a-nano-svfprintf.o)
                0x0800818e                __ssputs_r
 *fill*         0x0800824e        0x2 
 .text._svfprintf_r
                0x08008250      0x1f8 C:/Users/DavideDiVenti/AppData/Local/Arduino15/packages/STMicroelectronics/tools/xpack-arm-none-eabi-gcc/14.2.1-1.1/bin/../lib/gcc/arm-none-eabi/14.2.1/../../../../arm-none-eabi/lib/thumb/v7e-m+fp/hard\libc_nano.a(libc_a-nano-svfprintf.o)
                0x08008250                _svfiprintf_r
                0x08008250                _svfprintf_r
 .text._printf_common
                0x08008448       0xda C:/Users/DavideDiVenti/AppData/Local/Arduino15/packages/STMicroelectronics/tools/xpack-arm-none-eabi-gcc/14.2.1-1.1/bin/../lib/gcc/arm-none-eabi/14.2.1/../../../../arm-none-eabi/lib/thumb/v7e-m+fp/hard\libc_nano.a(libc_a-nano-vfprintf_i.o)
                0x08008448                _printf_common
 *fill*         0x08008522        0x2 
 .text._printf_i
                0x08008524      0x240 C:/Users/DavideDiVenti/AppData/Local/Arduino15/packages/STMicroelectronics/tools/xpack-arm-none-eabi-gcc/14.2.1-1.1/bin/../lib/gcc/arm-none-eabi/14.2.1/../../../../arm-none-eabi/lib/thumb/v7e-m+fp/hard\libc_nano.a(libc_a-nano-vfprintf_i.o)
                0x08008524                _printf_i
 .text.__sflush_r
                0x08008764      0x104 C:/Users/DavideDiVenti/AppData/Local/Arduino15/packages/STMicroelectronics/tools/xpack-arm-none-eabi-gcc/14.2.1-1.1/bin/../lib/gcc/arm-none-eabi/14.2.1/../../../../arm-none-eabi/lib/thumb/v7e-m+fp/hard\libc_nano.a(libc_a-fflush.o)
                0x08008764                __sflush_r
 .text._fflush_r
                0x08008868       0x50 C:/Users/DavideDiVenti/AppData/Local/Arduino15/packages/STMicroelectronics/tools/xpack-arm-none-eabi-gcc/14.2.1-1.1/bin/../lib/gcc/arm-none-eabi/14.2.1/../../../../arm-none-eabi/lib/thumb/v7e-m+fp/hard\libc_nano.a(libc_a-fflush.o)
                0x08008868                _fflush_r
 .text.memmove  0x080088b8       0x32 C:/Users/DavideDiVenti/AppData/Local/Arduino15/packages/STMicroelectronics/tools/xpack-arm-none-eabi-gcc/14.2.1-1.1/bin/../lib/gcc/arm-none-eabi/14.2.1/../../../../arm-none-eabi/lib/thumb/v7e-m+fp/hard\libc_nano.a(libc_a-memmove.o)
                0x080088b8                memmove
 *fill*         0x080088ea        0x2 
 .text._sbrk_r  0x080088ec       0x20 C:/Users/DavideDiVenti/AppData/Local/Arduino15/packages/STMicroelectronics/tools/xpack-arm-none-eabi-gcc/14.2.1-1.1/bin/../lib/gcc/arm-none-eabi/14.2.1/../../../../arm-none-eabi/lib/thumb/v7e-m+fp/hard\libc_nano.a(libc_a-sbrkr.o)
                0x080088ec                _sbrk_r
 .text.__assert_func
                0x0800890c       0x3c C:/Users/DavideDiVenti/AppData/Local/Arduino15/packages/STMicroelectronics/tools/xpack-arm-none-eabi-gcc/14.2.1-1.1/bin/../lib/gcc/arm-none-eabi/14.2.1/../../../../arm-none-eabi/lib/thumb/v7e-m+fp/hard\libc_nano.a(libc_a-assert.o)
                0x0800890c                __assert_func
 .text._calloc_r
                0x08008948       0x28 C:/Users/DavideDiVenti/AppData/Local/Arduino15/packages/STMicroelectronics/tools/xpack-arm-none-eabi-gcc/14.2.1-1.1/bin/../lib/gcc/arm-none-eabi/14.2.1/../../../../arm-none-eabi/lib/thumb/v7e-m+fp/hard\libc_nano.a(libc_a-callocr.o)
                0x08008948                _calloc_r
 .text.malloc   0x08008970       0x10 C:/Users/DavideDiVenti/AppData/Local/Arduino15/packages/STMicroelectronics/tools/xpack-arm-none-eabi-gcc/14.2.1-1.1/bin/../lib/gcc/arm-none-eabi/14.2.1/../../../../arm-none-eabi/lib/thumb/v7e-m+fp/hard\libc_nano.a(libc_a-malloc.o)
                0x08008970                malloc
 .text.free     0x08008980       0x10 C:/Users/DavideDiVenti/AppData/Local/Arduino15/packages/STMicroelectronics/tools/xpack-arm-none-eabi-gcc/14.2.1-1.1/bin/../lib/gcc/arm-none-eabi/14.2.1/../../../../arm-none-eabi/lib/thumb/v7e-m+fp/hard\libc_nano.a(libc_a-malloc.o)
                0x08008980                free
 .text._realloc_r
                0x08008990       0x5c C:/Users/DavideDiVenti/AppData/Local/Arduino15/packages/STMicroelectronics/tools/xpack-arm-none-eabi-gcc/14.2.1-1.1/bin/../lib/gcc/arm-none-eabi/14.2.1/../../../../arm-none-eabi/lib/thumb/v7e-m+fp/hard\libc_nano.a(libc_a-reallocr.o)
                0x08008990                _realloc_r
 .text.fprintf  0x080089ec       0x24 C:/Users/DavideDiVenti/AppData/Local/Arduino15/packages/STMicroelectronics/tools/xpack-arm-none-eabi-gcc/14.2.1-1.1/bin/../lib/gcc/arm-none-eabi/14.2.1/../../../../arm-none-eabi/lib/thumb/v7e-m+fp/hard\libc_nano.a(libc_a-fprintf.o)
                0x080089ec                fiprintf
                0x080089ec                fprintf
 .text.abort    0x08008a10        0xe C:/Users/DavideDiVenti/AppData/Local/Arduino15/packages/STMicroelectronics/tools/xpack-arm-none-eabi-gcc/14.2.1-1.1/bin/../lib/gcc/arm-none-eabi/14.2.1/../../../../arm-none-eabi/lib/thumb/v7e-m+fp/hard\libc_nano.a(libc_a-abort.o)
                0x08008a10                abort
 .text._malloc_usable_size_r
                0x08008a1e       0x10 C:/Users/DavideDiVenti/AppData/Local/Arduino15/packages/STMicroelectronics/tools/xpack-arm-none-eabi-gcc/14.2.1-1.1/bin/../lib/gcc/arm-none-eabi/14.2.1/../../../../arm-none-eabi/lib/thumb/v7e-m+fp/hard\libc_nano.a(libc_a-msizer.o)
                0x08008a1e                _malloc_usable_size_r
 .text.__sfputc_r
                0x08008a2e       0x2e C:/Users/DavideDiVenti/AppData/Local/Arduino15/packages/STMicroelectronics/tools/xpack-arm-none-eabi-gcc/14.2.1-1.1/bin/../lib/gcc/arm-none-eabi/14.2.1/../../../../arm-none-eabi/lib/thumb/v7e-m+fp/hard\libc_nano.a(libc_a-nano-vfprintf.o)
 .text.__sfputs_r
                0x08008a5c       0x24 C:/Users/DavideDiVenti/AppData/Local/Arduino15/packages/STMicroelectronics/tools/xpack-arm-none-eabi-gcc/14.2.1-1.1/bin/../lib/gcc/arm-none-eabi/14.2.1/../../../../arm-none-eabi/lib/thumb/v7e-m+fp/hard\libc_nano.a(libc_a-nano-vfprintf.o)
                0x08008a5c                __sfputs_r
 .text._vfprintf_r
                0x08008a80      0x230 C:/Users/DavideDiVenti/AppData/Local/Arduino15/packages/STMicroelectronics/tools/xpack-arm-none-eabi-gcc/14.2.1-1.1/bin/../lib/gcc/arm-none-eabi/14.2.1/../../../../arm-none-eabi/lib/thumb/v7e-m+fp/hard\libc_nano.a(libc_a-nano-vfprintf.o)
                0x08008a80                _vfprintf_r
                0x08008a80                _vfiprintf_r
 .text.__swbuf_r
                0x08008cb0       0x7c C:/Users/DavideDiVenti/AppData/Local/Arduino15/packages/STMicroelectronics/tools/xpack-arm-none-eabi-gcc/14.2.1-1.1/bin/../lib/gcc/arm-none-eabi/14.2.1/../../../../arm-none-eabi/lib/thumb/v7e-m+fp/hard\libc_nano.a(libc_a-wbuf.o)
                0x08008cb0                __swbuf_r
 .text.__swsetup_r
                0x08008d2c       0xa8 C:/Users/DavideDiVenti/AppData/Local/Arduino15/packages/STMicroelectronics/tools/xpack-arm-none-eabi-gcc/14.2.1-1.1/bin/../lib/gcc/arm-none-eabi/14.2.1/../../../../arm-none-eabi/lib/thumb/v7e-m+fp/hard\libc_nano.a(libc_a-wsetup.o)
                0x08008d2c                __swsetup_r
 .text._raise_r
                0x08008dd4       0x50 C:/Users/DavideDiVenti/AppData/Local/Arduino15/packages/STMicroelectronics/tools/xpack-arm-none-eabi-gcc/14.2.1-1.1/bin/../lib/gcc/arm-none-eabi/14.2.1/../../../../arm-none-eabi/lib/thumb/v7e-m+fp/hard\libc_nano.a(libc_a-signal.o)
                0x08008dd4                _raise_r
 .text.raise    0x08008e24       0x10 C:/Users/DavideDiVenti/AppData/Local/Arduino15/packages/STMicroelectronics/tools/xpack-arm-none-eabi-gcc/14.2.1-1.1/bin/../lib/gcc/arm-none-eabi/14.2.1/../../../../arm-none-eabi/lib/thumb/v7e-m+fp/hard\libc_nano.a(libc_a-signal.o)
                0x08008e24                raise
 .text._kill_r  0x08008e34       0x24 C:/Users/DavideDiVenti/AppData/Local/Arduino15/packages/STMicroelectronics/tools/xpack-arm-none-eabi-gcc/14.2.1-1.1/bin/../lib/gcc/arm-none-eabi/14.2.1/../../../../arm-none-eabi/lib/thumb/v7e-m+fp/hard\libc_nano.a(libc_a-signalr.o)
                0x08008e34                _kill_r
 .text._getpid_r
                0x08008e58        0x4 C:/Users/DavideDiVenti/AppData/Local/Arduino15/packages/STMicroelectronics/tools/xpack-arm-none-eabi-gcc/14.2.1-1.1/bin/../lib/gcc/arm-none-eabi/14.2.1/../../../../arm-none-eabi/lib/thumb/v7e-m+fp/hard\libc_nano.a(libc_a-signalr.o)
                0x08008e58                _getpid_r
 .text.__swhatbuf_r
                0x08008e5c       0x48 C:/Users/DavideDiVenti/AppData/Local/Arduino15/packages/STMicroelectronics/tools/xpack-arm-none-eabi-gcc/14.2.1-1.1/bin/../lib/gcc/arm-none-eabi/14.2.1/../../../../arm-none-eabi/lib/thumb/v7e-m+fp/hard\libc_nano.a(libc_a-makebuf.o)
                0x08008e5c                __swhatbuf_r
 .text.__smakebuf_r
                0x08008ea4       0x72 C:/Users/DavideDiVenti/AppData/Local/Arduino15/packages/STMicroelectronics/tools/xpack-arm-none-eabi-gcc/14.2.1-1.1/bin/../lib/gcc/arm-none-eabi/14.2.1/../../../../arm-none-eabi/lib/thumb/v7e-m+fp/hard\libc_nano.a(libc_a-makebuf.o)
                0x08008ea4                __smakebuf_r
 *fill*         0x08008f16        0x2 
 .text._fstat_r
                0x08008f18       0x24 C:/Users/DavideDiVenti/AppData/Local/Arduino15/packages/STMicroelectronics/tools/xpack-arm-none-eabi-gcc/14.2.1-1.1/bin/../lib/gcc/arm-none-eabi/14.2.1/../../../../arm-none-eabi/lib/thumb/v7e-m+fp/hard\libc_nano.a(libc_a-fstatr.o)
                0x08008f18                _fstat_r
 .text._isatty_r
                0x08008f3c       0x20 C:/Users/DavideDiVenti/AppData/Local/Arduino15/packages/STMicroelectronics/tools/xpack-arm-none-eabi-gcc/14.2.1-1.1/bin/../lib/gcc/arm-none-eabi/14.2.1/../../../../arm-none-eabi/lib/thumb/v7e-m+fp/hard\libc_nano.a(libc_a-isattyr.o)
                0x08008f3c                _isatty_r
 .text.sprintf  0x08008f5c       0x44 C:/Users/DavideDiVenti/AppData/Local/Arduino15/packages/STMicroelectronics/tools/xpack-arm-none-eabi-gcc/14.2.1-1.1/bin/../lib/gcc/arm-none-eabi/14.2.1/../../../../arm-none-eabi/lib/thumb/v7e-m+fp/hard\libc_nano.a(libc_a-sprintf.o)
                0x08008f5c                siprintf
                0x08008f5c                sprintf
 .text.strchr   0x08008fa0       0x1a C:/Users/DavideDiVenti/AppData/Local/Arduino15/packages/STMicroelectronics/tools/xpack-arm-none-eabi-gcc/14.2.1-1.1/bin/../lib/gcc/arm-none-eabi/14.2.1/../../../../arm-none-eabi/lib/thumb/v7e-m+fp/hard\libc_nano.a(libc_a-strchr.o)
                0x08008fa0                strchr
 .text.strncpy  0x08008fba       0x26 C:/Users/DavideDiVenti/AppData/Local/Arduino15/packages/STMicroelectronics/tools/xpack-arm-none-eabi-gcc/14.2.1-1.1/bin/../lib/gcc/arm-none-eabi/14.2.1/../../../../arm-none-eabi/lib/thumb/v7e-m+fp/hard\libc_nano.a(libc_a-strncpy.o)
                0x08008fba                strncpy
 .text.strcpy   0x08008fe0       0x10 C:/Users/DavideDiVenti/AppData/Local/Arduino15/packages/STMicroelectronics/tools/xpack-arm-none-eabi-gcc/14.2.1-1.1/bin/../lib/gcc/arm-none-eabi/14.2.1/../../../../arm-none-eabi/lib/thumb/v7e-m+fp/hard\libc_nano.a(libc_a-strcpy.o)
                0x08008fe0                strcpy
 .text.pow      0x08008ff0       0xf0 C:/Users/DavideDiVenti/AppData/Local/Arduino15/packages/STMicroelectronics/tools/xpack-arm-none-eabi-gcc/14.2.1-1.1/bin/../lib/gcc/arm-none-eabi/14.2.1/../../../../arm-none-eabi/lib/thumb/v7e-m+fp/hard\libm.a(libm_a-w_pow.o)
                0x08008ff0                pow
 .text.finite   0x080090e0       0x18 C:/Users/DavideDiVenti/AppData/Local/Arduino15/packages/STMicroelectronics/tools/xpack-arm-none-eabi-gcc/14.2.1-1.1/bin/../lib/gcc/arm-none-eabi/14.2.1/../../../../arm-none-eabi/lib/thumb/v7e-m+fp/hard\libm.a(libm_a-s_finite.o)
                0x080090e0                finite
 .text.__ieee754_pow
                0x080090f8      0xc7c C:/Users/DavideDiVenti/AppData/Local/Arduino15/packages/STMicroelectronics/tools/xpack-arm-none-eabi-gcc/14.2.1-1.1/bin/../lib/gcc/arm-none-eabi/14.2.1/../../../../arm-none-eabi/lib/thumb/v7e-m+fp/hard\libm.a(libm_a-e_pow.o)
                0x080090f8                __ieee754_pow
 .text.fabs     0x08009d74       0x10 C:/Users/DavideDiVenti/AppData/Local/Arduino15/packages/STMicroelectronics/tools/xpack-arm-none-eabi-gcc/14.2.1-1.1/bin/../lib/gcc/arm-none-eabi/14.2.1/../../../../arm-none-eabi/lib/thumb/v7e-m+fp/hard\libm.a(libm_a-s_fabs.o)
                0x08009d74                fabs
 *fill*         0x08009d84        0x4 
 .text.scalbn   0x08009d88      0x114 C:/Users/DavideDiVenti/AppData/Local/Arduino15/packages/STMicroelectronics/tools/xpack-arm-none-eabi-gcc/14.2.1-1.1/bin/../lib/gcc/arm-none-eabi/14.2.1/../../../../arm-none-eabi/lib/thumb/v7e-m+fp/hard\libm.a(libm_a-s_scalbn.o)
                0x08009d88                scalbn
 .text.with_errno
                0x08009e9c       0x24 C:/Users/DavideDiVenti/AppData/Local/Arduino15/packages/STMicroelectronics/tools/xpack-arm-none-eabi-gcc/14.2.1-1.1/bin/../lib/gcc/arm-none-eabi/14.2.1/../../../../arm-none-eabi/lib/thumb/v7e-m+fp/hard\libm.a(libm_a-math_err.o)
 .text.xflow    0x08009ec0       0x34 C:/Users/DavideDiVenti/AppData/Local/Arduino15/packages/STMicroelectronics/tools/xpack-arm-none-eabi-gcc/14.2.1-1.1/bin/../lib/gcc/arm-none-eabi/14.2.1/../../../../arm-none-eabi/lib/thumb/v7e-m+fp/hard\libm.a(libm_a-math_err.o)
 *fill*         0x08009ef4        0x4 
 .text.__math_uflow
                0x08009ef8       0x10 C:/Users/DavideDiVenti/AppData/Local/Arduino15/packages/STMicroelectronics/tools/xpack-arm-none-eabi-gcc/14.2.1-1.1/bin/../lib/gcc/arm-none-eabi/14.2.1/../../../../arm-none-eabi/lib/thumb/v7e-m+fp/hard\libm.a(libm_a-math_err.o)
                0x08009ef8                __math_uflow
 .text.__math_oflow
                0x08009f08       0x10 C:/Users/DavideDiVenti/AppData/Local/Arduino15/packages/STMicroelectronics/tools/xpack-arm-none-eabi-gcc/14.2.1-1.1/bin/../lib/gcc/arm-none-eabi/14.2.1/../../../../arm-none-eabi/lib/thumb/v7e-m+fp/hard\libm.a(libm_a-math_err.o)
                0x08009f08                __math_oflow
 .text.__ieee754_sqrt
                0x08009f18      0x1f0 C:/Users/DavideDiVenti/AppData/Local/Arduino15/packages/STMicroelectronics/tools/xpack-arm-none-eabi-gcc/14.2.1-1.1/bin/../lib/gcc/arm-none-eabi/14.2.1/../../../../arm-none-eabi/lib/thumb/v7e-m+fp/hard\libm.a(libm_a-e_sqrt.o)
                0x08009f18                __ieee754_sqrt
 .text.__fixdfdi
                0x0800a108       0x30 C:/Users/DavideDiVenti/AppData/Local/Arduino15/packages/STMicroelectronics/tools/xpack-arm-none-eabi-gcc/14.2.1-1.1/bin/../lib/gcc/arm-none-eabi/14.2.1/thumb/v7e-m+fp/hard\libgcc.a(_fixdfdi.o)
                0x0800a108                __fixdfdi
                0x0800a108                __aeabi_d2lz
 .text.__fixunsdfdi
                0x0800a138       0x3c C:/Users/DavideDiVenti/AppData/Local/Arduino15/packages/STMicroelectronics/tools/xpack-arm-none-eabi-gcc/14.2.1-1.1/bin/../lib/gcc/arm-none-eabi/14.2.1/thumb/v7e-m+fp/hard\libgcc.a(_fixunsdfdi.o)
                0x0800a138                __fixunsdfdi
                0x0800a138                __aeabi_d2ulz
 .text.unlikely._ZSt25__throw_bad_function_callv
                0x0800a174        0x6 C:/Users/DavideDiVenti/AppData/Local/Arduino15/packages/STMicroelectronics/tools/xpack-arm-none-eabi-gcc/14.2.1-1.1/bin/../lib/gcc/arm-none-eabi/14.2.1/../../../../arm-none-eabi/lib/thumb/v7e-m+fp/hard\libstdc++_nano.a(functional.o)
                0x0800a174                std::__throw_bad_function_call()
 *(.glue_7)
 .glue_7        0x0800a17a        0x0 linker stubs
 *(.glue_7t)
 .glue_7t       0x0800a17a        0x0 linker stubs
 *(.eh_frame)
 *fill*         0x0800a17a        0x2 
 .eh_frame      0x0800a17c        0x0 C:/Users/DavideDiVenti/AppData/Local/Arduino15/packages/STMicroelectronics/tools/xpack-arm-none-eabi-gcc/14.2.1-1.1/bin/../lib/gcc/arm-none-eabi/14.2.1/thumb/v7e-m+fp/hard/crtbegin.o
 *(.init)
 .init          0x0800a17c        0x4 C:/Users/DavideDiVenti/AppData/Local/Arduino15/packages/STMicroelectronics/tools/xpack-arm-none-eabi-gcc/14.2.1-1.1/bin/../lib/gcc/arm-none-eabi/14.2.1/thumb/v7e-m+fp/hard/crti.o
                0x0800a17c                _init
 .init          0x0800a180        0x8 C:/Users/DavideDiVenti/AppData/Local/Arduino15/packages/STMicroelectronics/tools/xpack-arm-none-eabi-gcc/14.2.1-1.1/bin/../lib/gcc/arm-none-eabi/14.2.1/thumb/v7e-m+fp/hard/crtn.o
 *(.fini)
 .fini          0x0800a188        0x4 C:/Users/DavideDiVenti/AppData/Local/Arduino15/packages/STMicroelectronics/tools/xpack-arm-none-eabi-gcc/14.2.1-1.1/bin/../lib/gcc/arm-none-eabi/14.2.1/thumb/v7e-m+fp/hard/crti.o
                0x0800a188                _fini
 .fini          0x0800a18c        0x8 C:/Users/DavideDiVenti/AppData/Local/Arduino15/packages/STMicroelectronics/tools/xpack-arm-none-eabi-gcc/14.2.1-1.1/bin/../lib/gcc/arm-none-eabi/14.2.1/thumb/v7e-m+fp/hard/crtn.o
                0x0800a194                        . = ALIGN (0x4)
                0x0800a194                        _etext = .

.vfp11_veneer   0x0800a194        0x0
 .vfp11_veneer  0x0800a194        0x0 linker stubs

.v4_bx          0x0800a194        0x0
 .v4_bx         0x0800a194        0x0 linker stubs

.iplt           0x0800a194        0x0
 .iplt          0x0800a194        0x0 C:/Users/DavideDiVenti/AppData/Local/Arduino15/packages/STMicroelectronics/tools/xpack-arm-none-eabi-gcc/14.2.1-1.1/bin/../lib/gcc/arm-none-eabi/14.2.1/thumb/v7e-m+fp/hard/crtbegin.o

.rodata         0x0800a198      0xcb8
                0x0800a198                        . = ALIGN (0x4)
 *(.rodata)
 .rodata        0x0800a198      0x704 C:\Users\DAVIDE~1\AppData\Local\Temp\ccYTjIHG.ltrans0.ltrans.o
 *(.rodata*)
 .rodata.str1.1
                0x0800a89c      0x1ae C:\Users\DAVIDE~1\AppData\Local\Temp\ccYTjIHG.ltrans0.ltrans.o
 .rodata._strtod_l.str1.1
                0x0800a89c      0x34d C:/Users/DavideDiVenti/AppData/Local/Arduino15/packages/STMicroelectronics/tools/xpack-arm-none-eabi-gcc/14.2.1-1.1/bin/../lib/gcc/arm-none-eabi/14.2.1/../../../../arm-none-eabi/lib/thumb/v7e-m+fp/hard\libc_nano.a(libc_a-strtod.o)
                                  0xf (size before relaxing)
 *fill*         0x0800abe9        0x3 
 .rodata.fpinan.0
                0x0800abec       0x14 C:/Users/DavideDiVenti/AppData/Local/Arduino15/packages/STMicroelectronics/tools/xpack-arm-none-eabi-gcc/14.2.1-1.1/bin/../lib/gcc/arm-none-eabi/14.2.1/../../../../arm-none-eabi/lib/thumb/v7e-m+fp/hard\libc_nano.a(libc_a-strtod.o)
 .rodata.fpi.1  0x0800ac00       0x14 C:/Users/DavideDiVenti/AppData/Local/Arduino15/packages/STMicroelectronics/tools/xpack-arm-none-eabi-gcc/14.2.1-1.1/bin/../lib/gcc/arm-none-eabi/14.2.1/../../../../arm-none-eabi/lib/thumb/v7e-m+fp/hard\libc_nano.a(libc_a-strtod.o)
 *fill*         0x0800ac14        0x4 
 .rodata.tinytens
                0x0800ac18       0x28 C:/Users/DavideDiVenti/AppData/Local/Arduino15/packages/STMicroelectronics/tools/xpack-arm-none-eabi-gcc/14.2.1-1.1/bin/../lib/gcc/arm-none-eabi/14.2.1/../../../../arm-none-eabi/lib/thumb/v7e-m+fp/hard\libc_nano.a(libc_a-strtod.o)
 .rodata._ctype_
                0x0800ac40      0x101 C:/Users/DavideDiVenti/AppData/Local/Arduino15/packages/STMicroelectronics/tools/xpack-arm-none-eabi-gcc/14.2.1-1.1/bin/../lib/gcc/arm-none-eabi/14.2.1/../../../../arm-none-eabi/lib/thumb/v7e-m+fp/hard\libc_nano.a(libc_a-ctype_.o)
                0x0800ac40                _ctype_
 .rodata._setlocale_r.str1.1
                0x0800ad41        0x9 C:/Users/DavideDiVenti/AppData/Local/Arduino15/packages/STMicroelectronics/tools/xpack-arm-none-eabi-gcc/14.2.1-1.1/bin/../lib/gcc/arm-none-eabi/14.2.1/../../../../arm-none-eabi/lib/thumb/v7e-m+fp/hard\libc_nano.a(libc_a-locale.o)
 .rodata.str1.1
                0x0800ad41        0x2 C:/Users/DavideDiVenti/AppData/Local/Arduino15/packages/STMicroelectronics/tools/xpack-arm-none-eabi-gcc/14.2.1-1.1/bin/../lib/gcc/arm-none-eabi/14.2.1/../../../../arm-none-eabi/lib/thumb/v7e-m+fp/hard\libc_nano.a(libc_a-locale.o)
 .rodata.__gethex.str1.1
                0x0800ad41       0x9d C:/Users/DavideDiVenti/AppData/Local/Arduino15/packages/STMicroelectronics/tools/xpack-arm-none-eabi-gcc/14.2.1-1.1/bin/../lib/gcc/arm-none-eabi/14.2.1/../../../../arm-none-eabi/lib/thumb/v7e-m+fp/hard\libc_nano.a(libc_a-gdtoa-gethex.o)
 .rodata._Balloc.str1.1
                0x0800ad41       0x9a C:/Users/DavideDiVenti/AppData/Local/Arduino15/packages/STMicroelectronics/tools/xpack-arm-none-eabi-gcc/14.2.1-1.1/bin/../lib/gcc/arm-none-eabi/14.2.1/../../../../arm-none-eabi/lib/thumb/v7e-m+fp/hard\libc_nano.a(libc_a-mprec.o)
 .rodata.__multadd.str1.1
                0x0800ad41       0x11 C:/Users/DavideDiVenti/AppData/Local/Arduino15/packages/STMicroelectronics/tools/xpack-arm-none-eabi-gcc/14.2.1-1.1/bin/../lib/gcc/arm-none-eabi/14.2.1/../../../../arm-none-eabi/lib/thumb/v7e-m+fp/hard\libc_nano.a(libc_a-mprec.o)
 *fill*         0x0800ad41        0x3 
 .rodata.p05.0  0x0800ad44        0xc C:/Users/DavideDiVenti/AppData/Local/Arduino15/packages/STMicroelectronics/tools/xpack-arm-none-eabi-gcc/14.2.1-1.1/bin/../lib/gcc/arm-none-eabi/14.2.1/../../../../arm-none-eabi/lib/thumb/v7e-m+fp/hard\libc_nano.a(libc_a-mprec.o)
 .rodata.__mprec_bigtens
                0x0800ad50       0x28 C:/Users/DavideDiVenti/AppData/Local/Arduino15/packages/STMicroelectronics/tools/xpack-arm-none-eabi-gcc/14.2.1-1.1/bin/../lib/gcc/arm-none-eabi/14.2.1/../../../../arm-none-eabi/lib/thumb/v7e-m+fp/hard\libc_nano.a(libc_a-mprec.o)
                0x0800ad50                __mprec_bigtens
 .rodata.__mprec_tens
                0x0800ad78       0xc8 C:/Users/DavideDiVenti/AppData/Local/Arduino15/packages/STMicroelectronics/tools/xpack-arm-none-eabi-gcc/14.2.1-1.1/bin/../lib/gcc/arm-none-eabi/14.2.1/../../../../arm-none-eabi/lib/thumb/v7e-m+fp/hard\libc_nano.a(libc_a-mprec.o)
                0x0800ad78                __mprec_tens
 .rodata._svfprintf_r.str1.1
                0x0800ae40       0x11 C:/Users/DavideDiVenti/AppData/Local/Arduino15/packages/STMicroelectronics/tools/xpack-arm-none-eabi-gcc/14.2.1-1.1/bin/../lib/gcc/arm-none-eabi/14.2.1/../../../../arm-none-eabi/lib/thumb/v7e-m+fp/hard\libc_nano.a(libc_a-nano-svfprintf.o)
 .rodata._printf_i.str1.1
                0x0800ae40       0x22 C:/Users/DavideDiVenti/AppData/Local/Arduino15/packages/STMicroelectronics/tools/xpack-arm-none-eabi-gcc/14.2.1-1.1/bin/../lib/gcc/arm-none-eabi/14.2.1/../../../../arm-none-eabi/lib/thumb/v7e-m+fp/hard\libc_nano.a(libc_a-nano-vfprintf_i.o)
 .rodata.__assert_func.str1.1
                0x0800ae40       0x3d C:/Users/DavideDiVenti/AppData/Local/Arduino15/packages/STMicroelectronics/tools/xpack-arm-none-eabi-gcc/14.2.1-1.1/bin/../lib/gcc/arm-none-eabi/14.2.1/../../../../arm-none-eabi/lib/thumb/v7e-m+fp/hard\libc_nano.a(libc_a-assert.o)
 .rodata._vfprintf_r.str1.1
                0x0800ae40       0x11 C:/Users/DavideDiVenti/AppData/Local/Arduino15/packages/STMicroelectronics/tools/xpack-arm-none-eabi-gcc/14.2.1-1.1/bin/../lib/gcc/arm-none-eabi/14.2.1/../../../../arm-none-eabi/lib/thumb/v7e-m+fp/hard\libc_nano.a(libc_a-nano-vfprintf.o)
 .rodata.tiny   0x0800ae40        0x8 C:/Users/DavideDiVenti/AppData/Local/Arduino15/packages/STMicroelectronics/tools/xpack-arm-none-eabi-gcc/14.2.1-1.1/bin/../lib/gcc/arm-none-eabi/14.2.1/../../../../arm-none-eabi/lib/thumb/v7e-m+fp/hard\libm.a(libm_a-e_sqrt.o)
 .rodata.one    0x0800ae48        0x8 C:/Users/DavideDiVenti/AppData/Local/Arduino15/packages/STMicroelectronics/tools/xpack-arm-none-eabi-gcc/14.2.1-1.1/bin/../lib/gcc/arm-none-eabi/14.2.1/../../../../arm-none-eabi/lib/thumb/v7e-m+fp/hard\libm.a(libm_a-e_sqrt.o)
                0x0800ae80                        . = ALIGN (0x4)

.ARM.extab      0x0800ae50        0x0
                0x0800ae50                        . = ALIGN (0x4)
 *(.ARM.extab* .gnu.linkonce.armextab.*)
                0x0800ae50                        . = ALIGN (0x4)

.ARM            0x0800ae50        0x8
                0x0800ae50                        . = ALIGN (0x4)
                0x0800ae50                        __exidx_start = .
 *(.ARM.exidx*)
 .ARM.exidx     0x0800ae50        0x8 C:/Users/DavideDiVenti/AppData/Local/Arduino15/packages/STMicroelectronics/tools/xpack-arm-none-eabi-gcc/14.2.1-1.1/bin/../lib/gcc/arm-none-eabi/14.2.1/../../../../arm-none-eabi/lib/thumb/v7e-m+fp/hard\libc_nano.a(libc_a-memchr.o)
 .ARM.exidx     0x0800ae58        0x0 C:/Users/DavideDiVenti/AppData/Local/Arduino15/packages/STMicroelectronics/tools/xpack-arm-none-eabi-gcc/14.2.1-1.1/bin/../lib/gcc/arm-none-eabi/14.2.1/../../../../arm-none-eabi/lib/thumb/v7e-m+fp/hard\libc_nano.a(libc_a-strlen.o)
                                  0x8 (size before relaxing)
                0x0800ae58                        __exidx_end = .
                0x0800ae58                        . = ALIGN (0x4)

.preinit_array  0x0800ae58        0x0
                0x0800ae58                        . = ALIGN (0x4)
                0x0800ae58                        PROVIDE (__preinit_array_start = .)
 *(.preinit_array*)
                0x0800ae58                        PROVIDE (__preinit_array_end = .)
                0x0800ae58                        . = ALIGN (0x4)

.init_array     0x0800ae58        0xc
                0x0800ae58                        . = ALIGN (0x4)
                0x0800ae58                        PROVIDE (__init_array_start = .)
 *(SORT_BY_NAME(.init_array.*))
 .init_array.00101
                0x0800ae58        0x4 C:\Users\DAVIDE~1\AppData\Local\Temp\ccYTjIHG.ltrans0.ltrans.o
 *(.init_array*)
 .init_array    0x0800ae5c        0x4 C:/Users/DavideDiVenti/AppData/Local/Arduino15/packages/STMicroelectronics/tools/xpack-arm-none-eabi-gcc/14.2.1-1.1/bin/../lib/gcc/arm-none-eabi/14.2.1/thumb/v7e-m+fp/hard/crtbegin.o
 .init_array    0x0800ae60        0x4 C:\Users\DAVIDE~1\AppData\Local\Temp\ccYTjIHG.ltrans0.ltrans.o
                0x0800ae64                        PROVIDE (__init_array_end = .)
                0x0800ae64                        . = ALIGN (0x4)

.fini_array     0x0800ae64        0x8
                0x0800ae64                        . = ALIGN (0x4)
                0x0800ae64                        PROVIDE (__fini_array_start = .)
 *(SORT_BY_NAME(.fini_array.*))
 *(.fini_array*)
 .fini_array    0x0800ae64        0x4 C:/Users/DavideDiVenti/AppData/Local/Arduino15/packages/STMicroelectronics/tools/xpack-arm-none-eabi-gcc/14.2.1-1.1/bin/../lib/gcc/arm-none-eabi/14.2.1/thumb/v7e-m+fp/hard/crtbegin.o
 .fini_array    0x0800ae68        0x4 C:\Users\DAVIDE~1\AppData\Local\Temp\ccYTjIHG.ltrans0.ltrans.o
                0x0800ae6c                        PROVIDE (__fini_array_end = .)
                0x0800ae6c                        . = ALIGN (0x4)
                0x0800ae6c                        _sidata = LOADADDR (.data)

.rel.dyn        0x0800ae6c        0x0
 .rel.iplt      0x0800ae6c        0x0 C:/Users/DavideDiVenti/AppData/Local/Arduino15/packages/STMicroelectronics/tools/xpack-arm-none-eabi-gcc/14.2.1-1.1/bin/../lib/gcc/arm-none-eabi/14.2.1/thumb/v7e-m+fp/hard/crtbegin.o

.data           0x20000000      0x6d8 load address 0x0800ae6c
                0x20000000                        . = ALIGN (0x4)
                0x20000000                        _sdata = .
 *(.data)
 .data          0x20000000      0x510 C:\Users\DAVIDE~1\AppData\Local\Temp\ccYTjIHG.ltrans0.ltrans.o
 *(.data*)
 .data.__sglue  0x20000510        0xc C:/Users/DavideDiVenti/AppData/Local/Arduino15/packages/STMicroelectronics/tools/xpack-arm-none-eabi-gcc/14.2.1-1.1/bin/../lib/gcc/arm-none-eabi/14.2.1/../../../../arm-none-eabi/lib/thumb/v7e-m+fp/hard\libc_nano.a(libc_a-findfp.o)
                0x20000510                __sglue
 .data.__global_locale
                0x2000051c      0x16c C:/Users/DavideDiVenti/AppData/Local/Arduino15/packages/STMicroelectronics/tools/xpack-arm-none-eabi-gcc/14.2.1-1.1/bin/../lib/gcc/arm-none-eabi/14.2.1/../../../../arm-none-eabi/lib/thumb/v7e-m+fp/hard\libc_nano.a(libc_a-locale.o)
                0x2000051c                __global_locale
 .data._impure_ptr
                0x20000688        0x4 C:/Users/DavideDiVenti/AppData/Local/Arduino15/packages/STMicroelectronics/tools/xpack-arm-none-eabi-gcc/14.2.1-1.1/bin/../lib/gcc/arm-none-eabi/14.2.1/../../../../arm-none-eabi/lib/thumb/v7e-m+fp/hard\libc_nano.a(libc_a-impure.o)
                0x20000688                _impure_ptr
 .data._impure_data
                0x2000068c       0x4c C:/Users/DavideDiVenti/AppData/Local/Arduino15/packages/STMicroelectronics/tools/xpack-arm-none-eabi-gcc/14.2.1-1.1/bin/../lib/gcc/arm-none-eabi/14.2.1/../../../../arm-none-eabi/lib/thumb/v7e-m+fp/hard\libc_nano.a(libc_a-impure.o)
                0x2000068c                _impure_data
 *(.RamFunc)
 *(.RamFunc*)
                0x200006d8                        . = ALIGN (0x4)
                0x200006d8                        _edata = .

.igot.plt       0x200006d8        0x0 load address 0x0800b544
 .igot.plt      0x200006d8        0x0 C:/Users/DavideDiVenti/AppData/Local/Arduino15/packages/STMicroelectronics/tools/xpack-arm-none-eabi-gcc/14.2.1-1.1/bin/../lib/gcc/arm-none-eabi/14.2.1/thumb/v7e-m+fp/hard/crtbegin.o
                0x200006d8                        . = ALIGN (0x4)

.bss            0x200006d8      0x620 load address 0x0800b544
                0x200006d8                        _sbss = .
                0x200006d8                        __bss_start__ = _sbss
 *(.bss)
 .bss           0x200006d8      0x4b8 C:\Users\DAVIDE~1\AppData\Local\Temp\ccYTjIHG.ltrans0.ltrans.o
 *(.bss*)
 .bss.completed.1
                0x20000b90        0x1 C:/Users/DavideDiVenti/AppData/Local/Arduino15/packages/STMicroelectronics/tools/xpack-arm-none-eabi-gcc/14.2.1-1.1/bin/../lib/gcc/arm-none-eabi/14.2.1/thumb/v7e-m+fp/hard/crtbegin.o
 *fill*         0x20000b91        0x3 
 .bss.object.0  0x20000b94       0x18 C:/Users/DavideDiVenti/AppData/Local/Arduino15/packages/STMicroelectronics/tools/xpack-arm-none-eabi-gcc/14.2.1-1.1/bin/../lib/gcc/arm-none-eabi/14.2.1/thumb/v7e-m+fp/hard/crtbegin.o
 .bss.__sf      0x20000bac      0x138 C:/Users/DavideDiVenti/AppData/Local/Arduino15/packages/STMicroelectronics/tools/xpack-arm-none-eabi-gcc/14.2.1-1.1/bin/../lib/gcc/arm-none-eabi/14.2.1/../../../../arm-none-eabi/lib/thumb/v7e-m+fp/hard\libc_nano.a(libc_a-findfp.o)
                0x20000bac                __sf
 .bss.__stdio_exit_handler
                0x20000ce4        0x4 C:/Users/DavideDiVenti/AppData/Local/Arduino15/packages/STMicroelectronics/tools/xpack-arm-none-eabi-gcc/14.2.1-1.1/bin/../lib/gcc/arm-none-eabi/14.2.1/../../../../arm-none-eabi/lib/thumb/v7e-m+fp/hard\libc_nano.a(libc_a-findfp.o)
                0x20000ce4                __stdio_exit_handler
 .bss.errno     0x20000ce8        0x4 C:/Users/DavideDiVenti/AppData/Local/Arduino15/packages/STMicroelectronics/tools/xpack-arm-none-eabi-gcc/14.2.1-1.1/bin/../lib/gcc/arm-none-eabi/14.2.1/../../../../arm-none-eabi/lib/thumb/v7e-m+fp/hard\libc_nano.a(libc_a-reent.o)
                0x20000ce8                errno
 .bss.__lock___malloc_recursive_mutex
                0x20000cec        0x1 C:/Users/DavideDiVenti/AppData/Local/Arduino15/packages/STMicroelectronics/tools/xpack-arm-none-eabi-gcc/14.2.1-1.1/bin/../lib/gcc/arm-none-eabi/14.2.1/../../../../arm-none-eabi/lib/thumb/v7e-m+fp/hard\libc_nano.a(libc_a-lock.o)
                0x20000cec                __lock___malloc_recursive_mutex
 .bss.__lock___sfp_recursive_mutex
                0x20000ced        0x1 C:/Users/DavideDiVenti/AppData/Local/Arduino15/packages/STMicroelectronics/tools/xpack-arm-none-eabi-gcc/14.2.1-1.1/bin/../lib/gcc/arm-none-eabi/14.2.1/../../../../arm-none-eabi/lib/thumb/v7e-m+fp/hard\libc_nano.a(libc_a-lock.o)
                0x20000ced                __lock___sfp_recursive_mutex
 *fill*         0x20000cee        0x2 
 .bss.__malloc_sbrk_start
                0x20000cf0        0x4 C:/Users/DavideDiVenti/AppData/Local/Arduino15/packages/STMicroelectronics/tools/xpack-arm-none-eabi-gcc/14.2.1-1.1/bin/../lib/gcc/arm-none-eabi/14.2.1/../../../../arm-none-eabi/lib/thumb/v7e-m+fp/hard\libc_nano.a(libc_a-mallocr.o)
                0x20000cf0                __malloc_sbrk_start
 .bss.__malloc_free_list
                0x20000cf4        0x4 C:/Users/DavideDiVenti/AppData/Local/Arduino15/packages/STMicroelectronics/tools/xpack-arm-none-eabi-gcc/14.2.1-1.1/bin/../lib/gcc/arm-none-eabi/14.2.1/../../../../arm-none-eabi/lib/thumb/v7e-m+fp/hard\libc_nano.a(libc_a-mallocr.o)
                0x20000cf4                __malloc_free_list
 *(COMMON)
                0x20000cf8                        . = ALIGN (0x4)
                0x20000cf8                        _ebss = .
                0x20000cf8                        __bss_end__ = _ebss
LOAD C:/Users/DavideDiVenti/AppData/Local/Arduino15/packages/STMicroelectronics/tools/xpack-arm-none-eabi-gcc/14.2.1-1.1/bin/../lib/gcc/arm-none-eabi/14.2.1/thumb/v7e-m+fp/hard/crti.o
LOAD C:/Users/DavideDiVenti/AppData/Local/Arduino15/packages/STMicroelectronics/tools/xpack-arm-none-eabi-gcc/14.2.1-1.1/bin/../lib/gcc/arm-none-eabi/14.2.1/thumb/v7e-m+fp/hard/crtbegin.o
LOAD C:/Users/DavideDiVenti/AppData/Local/Arduino15/packages/STMicroelectronics/tools/xpack-arm-none-eabi-gcc/14.2.1-1.1/bin/../lib/gcc/arm-none-eabi/14.2.1/../../../../arm-none-eabi/lib/thumb/v7e-m+fp/hard/crt0.o
                0x00000000                        LD_FLASH_OFFSET = 0x0
                0x00010000                        LD_MAX_SIZE = 0x10000
                0x00003000                        LD_MAX_DATA_SIZE = 0x3000

.noinit         0x20000cf8        0x0
                0x20000cf8                        . = ALIGN (0x4)
                0x20000cf8                        _snoinit = .
 *(.noinit)
 *(.noinit*)
                0x20000cf8                        . = ALIGN (0x4)
                0x20000cf8                        _enoinit = .

._user_heap_stack
                0x20000cf8      0x600
                0x20000cf8                        . = ALIGN (0x8)
                [!provide]                        PROVIDE (end = .)
                0x20000cf8                        PROVIDE (_end = .)
                0x20000ef8                        . = (. + _Min_Heap_Size)
 *fill*         0x20000cf8      0x200 
                0x200012f8                        . = (. + _Min_Stack_Size)
 *fill*         0x20000ef8      0x400 
                0x200012f8                        . = ALIGN (0x8)

/DISCARD/
 libc.a(*)
 libm.a(*)
 libgcc.a(*)

.ARM.attributes
                0x00000000       0x30
 *(.ARM.attributes)
 .ARM.attributes
                0x00000000       0x22 C:/Users/DavideDiVenti/AppData/Local/Arduino15/packages/STMicroelectronics/tools/xpack-arm-none-eabi-gcc/14.2.1-1.1/bin/../lib/gcc/arm-none-eabi/14.2.1/thumb/v7e-m+fp/hard/crti.o
 .ARM.attributes
                0x00000022       0x34 C:/Users/DavideDiVenti/AppData/Local/Arduino15/packages/STMicroelectronics/tools/xpack-arm-none-eabi-gcc/14.2.1-1.1/bin/../lib/gcc/arm-none-eabi/14.2.1/thumb/v7e-m+fp/hard/crtbegin.o
 .ARM.attributes
                0x00000056       0x32 C:\Users\DAVIDE~1\AppData\Local\Temp\ccYTjIHG.ltrans0.ltrans.o
 .ARM.attributes
                0x00000088       0x21 C:\Users\DavideDiVenti\AppData\Local\arduino\cores\001089ec5990ee7d214a41121d4430d1\core.a(startup_stm32yyxx.S.o)
 .ARM.attributes
                0x000000a9       0x34 C:/Users/DavideDiVenti/AppData/Local/Arduino15/packages/STMicroelectronics/tools/xpack-arm-none-eabi-gcc/14.2.1-1.1/bin/../lib/gcc/arm-none-eabi/14.2.1/../../../../arm-none-eabi/lib/thumb/v7e-m+fp/hard\libc_nano.a(libc_a-atof.o)
 .ARM.attributes
                0x000000dd       0x34 C:/Users/DavideDiVenti/AppData/Local/Arduino15/packages/STMicroelectronics/tools/xpack-arm-none-eabi-gcc/14.2.1-1.1/bin/../lib/gcc/arm-none-eabi/14.2.1/../../../../arm-none-eabi/lib/thumb/v7e-m+fp/hard\libc_nano.a(libc_a-strtod.o)
 .ARM.attributes